Archive member included because of file (symbol)

c:/program files (x86)/microchip/xc32/v1.30/bin/../lib/gcc/pic32mx/4.5.2/../../../../pic32mx/lib\libmchp_peripheral_32MX230F064D.a(soft_reset_lib.o)
                              build/default/production/_ext/1360937237/main_comm.o (SoftReset)
c:/program files (x86)/microchip/xc32/v1.30/bin/../lib/gcc/pic32mx/4.5.2/../../../../pic32mx/lib\libmchp_peripheral_32MX230F064D.a(int_enable_interrupts_lib.o)
                              build/default/production/_ext/1360937237/main.o (INTEnableInterrupts)
c:/program files (x86)/microchip/xc32/v1.30/bin/../lib/gcc/pic32mx/4.5.2/../../../../pic32mx/lib\libmchp_peripheral_32MX230F064D.a(int_disable_interrupts_lib.o)
                              build/default/production/_ext/1360937237/main_comm.o (INTDisableInterrupts)
c:/program files (x86)/microchip/xc32/v1.30/bin/../lib/gcc/pic32mx/4.5.2/../../../../pic32mx/lib\libmchp_peripheral_32MX230F064D.a(int_tbl_lib.o)
                              build/default/production/_ext/659838314/usb_device.o (INTClearFlag)
c:/program files (x86)/microchip/xc32/v1.30/bin/../lib/gcc/pic32mx/4.5.2/../../../../pic32mx/lib\libpic32.a(memset.o)
                              build/default/production/_ext/659838314/usb_device.o (memset)
c:/program files (x86)/microchip/xc32/v1.30/bin/../lib/gcc/pic32mx/4.5.2/../../../../pic32mx/lib\libpic32.a(strlen.o)
                              build/default/production/_ext/1360937237/main_comm.o (strlen)
c:/program files (x86)/microchip/xc32/v1.30/bin/../lib/gcc/pic32mx/4.5.2/../../../../pic32mx/lib\libpic32.a(default-bootstrap-exception-handler.o)
                              c:/program files (x86)/microchip/xc32/v1.30/bin/../lib/gcc/pic32mx/4.5.2/../../../../pic32mx/lib/./proc/32MX230F064D/crt0_mips32r2.o (_bootstrap_exception_handler)
c:/program files (x86)/microchip/xc32/v1.30/bin/../lib/gcc/pic32mx/4.5.2/../../../../pic32mx/lib\libpic32.a(default-on-reset.o)
                              c:/program files (x86)/microchip/xc32/v1.30/bin/../lib/gcc/pic32mx/4.5.2/../../../../pic32mx/lib/./proc/32MX230F064D/crt0_mips32r2.o (_on_reset)
c:/program files (x86)/microchip/xc32/v1.30/bin/../lib/gcc/pic32mx/4.5.2/../../../../pic32mx/lib\libpic32.a(default-on-bootstrap.o)
                              c:/program files (x86)/microchip/xc32/v1.30/bin/../lib/gcc/pic32mx/4.5.2/../../../../pic32mx/lib/./proc/32MX230F064D/crt0_mips32r2.o (_on_bootstrap)
c:/program files (x86)/microchip/xc32/v1.30/bin/../lib/gcc/pic32mx/4.5.2/../../../../pic32mx/lib\libpic32.a(default-nmi-handler.o)
                              c:/program files (x86)/microchip/xc32/v1.30/bin/../lib/gcc/pic32mx/4.5.2/../../../../pic32mx/lib/./proc/32MX230F064D/crt0_mips32r2.o (_nmi_handler)
c:/program files (x86)/microchip/xc32/v1.30/bin/../lib/gcc/pic32mx/4.5.2/../../../../pic32mx/lib\libpic32.a(pic32_software_reset.o)
                              c:/program files (x86)/microchip/xc32/v1.30/bin/../lib/gcc/pic32mx/4.5.2/../../../../pic32mx/lib\libpic32.a(default-bootstrap-exception-handler.o) (__pic32_software_reset)
c:/program files (x86)/microchip/xc32/v1.30/bin/../lib/gcc/pic32mx/4.5.2/../../../../pic32mx/lib\libpic32.a(general-exception.o)
                              c:/program files (x86)/microchip/xc32/v1.30/bin/../lib/gcc/pic32mx/4.5.2/../../../../pic32mx/lib/./proc/32MX230F064D/crt0_mips32r2.o (_general_exception_context)
c:/program files (x86)/microchip/xc32/v1.30/bin/../lib/gcc/pic32mx/4.5.2/../../../../pic32mx/lib\libpic32.a(default-general-exception-handler.o)
                              c:/program files (x86)/microchip/xc32/v1.30/bin/../lib/gcc/pic32mx/4.5.2/../../../../pic32mx/lib\libpic32.a(general-exception.o) (_general_exception_handler)

Allocating common symbols
Common symbol       size              file

set_keyboard_push_order_ctrl_bit
                    0x20              build/default/production/_ext/1360937237/main.o
pDst                0x4               build/default/production/_ext/659838314/usb_device.o
USBDeferINDataStagePackets
                    0x4               build/default/production/_ext/659838314/usb_device.o
BDT                 0xa0              build/default/production/_ext/659838314/usb_device.o
my_an_infos         0x100             build/default/production/_ext/1360937237/l_eeprom.o
CtrlTrfData         0x8               build/default/production/_ext/659838314/usb_device.o
USBDeferOUTDataStagePackets
                    0x4               build/default/production/_ext/659838314/usb_device.o
USBDeviceState      0x4               build/default/production/_ext/659838314/usb_device.o
controlTransferState
                    0x1               build/default/production/_ext/659838314/usb_device.o
endpoint_number     0x1               build/default/production/_ext/659838314/usb_device.o
inPipes             0x10              build/default/production/_ext/659838314/usb_device.o
[...]
Memory Configuration

Name             Origin             Length             Attributes
kseg0_program_mem 0x9d006490         0x00009b70         xr
exception_mem    0x9d005000         0x00001000
debug_exec_mem   0x9fc00490         0x00000760
kseg0_boot_mem   0x9d005000         0x00000000
kseg1_boot_mem   0x9d006000         0x00000490
config3          0xbfc00bf0         0x00000004
config2          0xbfc00bf4         0x00000004
config1          0xbfc00bf8         0x00000004
config0          0xbfc00bfc         0x00000004
kseg1_data_mem   0xa0000000         0x00004000         w !x
sfrs             0xbf800000         0x00100000
configsfrs       0xbfc00bf0         0x00000010
*default*        0x00000000         0xffffffff

Linker script and memory map

LOAD c:/program files (x86)/microchip/xc32/v1.30/bin/../lib/gcc/pic32mx/4.5.2/../../../../pic32mx/lib/./proc/32MX230F064D/crt0_mips32r2.o
LOAD build/default/production/_ext/659838314/usb_device.o
LOAD build/default/production/_ext/659838314/usb_function_hid.o
LOAD build/default/production/_ext/1360937237/l_eeprom.o
LOAD build/default/production/_ext/1360937237/l_spi.o
LOAD build/default/production/_ext/1360937237/l_timer.o
LOAD build/default/production/_ext/1360937237/main.o
LOAD build/default/production/_ext/1360937237/main_comm.o
LOAD build/default/production/_ext/1360937237/main_sub.o
LOAD build/default/production/_ext/1360937237/system_interrupt.o
LOAD build/default/production/_ext/1360937237/usb_descriptors.o
LOAD build/default/production/_ext/1360937237/l_adc.o
                0x00000001                __MPLAB_BUILD = 0x1
                0x00000400                PROVIDE (_min_stack_size, 0x400)
LOAD c:/program files (x86)/microchip/xc32/v1.30/bin/../lib/gcc/pic32mx/4.5.2/../../../../pic32mx/lib/./proc/32MX230F064D\processor.o
START GROUP
LOAD c:/program files (x86)/microchip/xc32/v1.30/bin/../lib/gcc/pic32mx/4.5.2/../../../../pic32mx/lib\libmchp_peripheral.a
END GROUP
START GROUP
LOAD c:/program files (x86)/microchip/xc32/v1.30/bin/../lib/gcc/pic32mx/4.5.2/../../../../pic32mx/lib\libmchp_peripheral_32MX230F064D.a
END GROUP
                0x00000001                PROVIDE (_vector_spacing, 0x1)
                0x9d005000                _ebase_address = 0x9d005000
                0x9d006000                _RESET_ADDR = 0x9d006000
                0x9d006380                _BEV_EXCPT_ADDR = 0x9d006380
                0x9d006480                _DBG_EXCPT_ADDR = 0x9d006480
                0x9fc00490                _DBG_CODE_ADDR = 0x9fc00490
                0x00000760                _DBG_CODE_SIZE = 0x760
                0x9d005180                _GEN_EXCPT_ADDR = (_ebase_address + 0x180)

.config_BFC00BF0
                0xbfc00bf0        0x4
 *(.config_BFC00BF0)
 .config_BFC00BF0
                0xbfc00bf0        0x4 build/default/production/_ext/1360937237/main.o

.config_BFC00BF4
                0xbfc00bf4        0x4
 *(.config_BFC00BF4)
 .config_BFC00BF4
                0xbfc00bf4        0x4 build/default/production/_ext/1360937237/main.o

.config_BFC00BF8
                0xbfc00bf8        0x4
 *(.config_BFC00BF8)
 .config_BFC00BF8
                0xbfc00bf8        0x4 build/default/production/_ext/1360937237/main.o

.config_BFC00BFC
                0xbfc00bfc        0x4
 *(.config_BFC00BFC)
 .config_BFC00BFC
                0xbfc00bfc        0x4 build/default/production/_ext/1360937237/main.o
                0xbfc02000                PROVIDE (_DBG_CODE_ADDR, 0xbfc02000)
                0x00000ff0                PROVIDE (_DBG_CODE_SIZE, 0xff0)

.reset          0x9d006000      0x1c4
 *(.reset)
 .reset         0x9d006000      0x1c4 c:/program files (x86)/microchip/xc32/v1.30/bin/../lib/gcc/pic32mx/4.5.2/../../../../pic32mx/lib/./proc/32MX230F064D/crt0_mips32r2.o
                0x9d006000                _reset
 *(.reset.startup)

.bev_excpt      0x9d006380       0x10
 *(.bev_handler)
 .bev_handler   0x9d006380       0x10 c:/program files (x86)/microchip/xc32/v1.30/bin/../lib/gcc/pic32mx/4.5.2/../../../../pic32mx/lib/./proc/32MX230F064D/crt0_mips32r2.o

.dbg_excpt      0x9d006480        0x0
                0x9d006480                . = (. + DEFINED (_DEBUGGER)?0x8:0x0)

.dbg_code       0x9fc00490        0x0
                0x9fc00490                . = (. + DEFINED (_DEBUGGER)?_DBG_CODE_SIZE:0x0)

.app_excpt      0x9d005180       0x10
 *(.gen_handler)
 .gen_handler   0x9d005180       0x10 c:/program files (x86)/microchip/xc32/v1.30/bin/../lib/gcc/pic32mx/4.5.2/../../../../pic32mx/lib/./proc/32MX230F064D/crt0_mips32r2.o

.vector_0       0x9d005200        0x0
 *(.vector_0)
                0x00000001                ASSERT (((_vector_spacing == 0x0) || (SIZEOF (.vector_0) <= (_vector_spacing << 0x5))), function at exception vector 0 too large)

.vector_1       0x9d005220        0x0
 *(.vector_1)
                0x00000001                ASSERT (((_vector_spacing == 0x0) || (SIZEOF (.vector_1) <= (_vector_spacing << 0x5))), function at exception vector 1 too large)

.vector_2       0x9d005240        0x0
 *(.vector_2)
                0x00000001                ASSERT (((_vector_spacing == 0x0) || (SIZEOF (.vector_2) <= (_vector_spacing << 0x5))), function at exception vector 2 too large)

.vector_3       0x9d005260        0x0
 *(.vector_3)
                0x00000001                ASSERT (((_vector_spacing == 0x0) || (SIZEOF (.vector_3) <= (_vector_spacing << 0x5))), function at exception vector 3 too large)

.vector_4       0x9d005280        0x8
 *(.vector_4)
 .vector_4      0x9d005280        0x8 build/default/production/_ext/1360937237/system_interrupt.o
                0x9d005280                __vector_dispatch_4
                0x00000001                ASSERT (((_vector_spacing == 0x0) || (SIZEOF (.vector_4) <= (_vector_spacing << 0x5))), function at exception vector 4 too large)

.vector_5       0x9d0052a0        0x0
 *(.vector_5)
                0x00000001                ASSERT (((_vector_spacing == 0x0) || (SIZEOF (.vector_5) <= (_vector_spacing << 0x5))), function at exception vector 5 too large)

.vector_6       0x9d0052c0        0x0
 *(.vector_6)
                0x00000001                ASSERT (((_vector_spacing == 0x0) || (SIZEOF (.vector_6) <= (_vector_spacing << 0x5))), function at exception vector 6 too large)

.vector_7       0x9d0052e0        0x0
 *(.vector_7)
                0x00000001                ASSERT (((_vector_spacing == 0x0) || (SIZEOF (.vector_7) <= (_vector_spacing << 0x5))), function at exception vector 7 too large)

.vector_8       0x9d005300        0x8
 *(.vector_8)
 .vector_8      0x9d005300        0x8 build/default/production/_ext/1360937237/system_interrupt.o
                0x9d005300                __vector_dispatch_8
                0x00000001                ASSERT (((_vector_spacing == 0x0) || (SIZEOF (.vector_8) <= (_vector_spacing << 0x5))), function at exception vector 8 too large)

.vector_9       0x9d005320        0x0
 *(.vector_9)
                0x00000001                ASSERT (((_vector_spacing == 0x0) || (SIZEOF (.vector_9) <= (_vector_spacing << 0x5))), function at exception vector 9 too large)

.vector_10      0x9d005340        0x0
 *(.vector_10)
                0x00000001                ASSERT (((_vector_spacing == 0x0) || (SIZEOF (.vector_10) <= (_vector_spacing << 0x5))), function at exception vector 10 too large)

.vector_11      0x9d005360        0x0
 *(.vector_11)
                0x00000001                ASSERT (((_vector_spacing == 0x0) || (SIZEOF (.vector_11) <= (_vector_spacing << 0x5))), function at exception vector 11 too large)

.vector_12      0x9d005380        0x0
 *(.vector_12)
                0x00000001                ASSERT (((_vector_spacing == 0x0) || (SIZEOF (.vector_12) <= (_vector_spacing << 0x5))), function at exception vector 12 too large)

.vector_13      0x9d0053a0        0x0
 *(.vector_13)
                0x00000001                ASSERT (((_vector_spacing == 0x0) || (SIZEOF (.vector_13) <= (_vector_spacing << 0x5))), function at exception vector 13 too large)

.vector_14      0x9d0053c0        0x0
 *(.vector_14)
                0x00000001                ASSERT (((_vector_spacing == 0x0) || (SIZEOF (.vector_14) <= (_vector_spacing << 0x5))), function at exception vector 14 too large)

.vector_15      0x9d0053e0        0x0
 *(.vector_15)
                0x00000001                ASSERT (((_vector_spacing == 0x0) || (SIZEOF (.vector_15) <= (_vector_spacing << 0x5))), function at exception vector 15 too large)

.vector_16      0x9d005400        0x0
 *(.vector_16)
                0x00000001                ASSERT (((_vector_spacing == 0x0) || (SIZEOF (.vector_16) <= (_vector_spacing << 0x5))), function at exception vector 16 too large)

.vector_17      0x9d005420        0x0
 *(.vector_17)
                0x00000001                ASSERT (((_vector_spacing == 0x0) || (SIZEOF (.vector_17) <= (_vector_spacing << 0x5))), function at exception vector 17 too large)

.vector_18      0x9d005440        0x0
 *(.vector_18)
                0x00000001                ASSERT (((_vector_spacing == 0x0) || (SIZEOF (.vector_18) <= (_vector_spacing << 0x5))), function at exception vector 18 too large)

.vector_19      0x9d005460        0x0
 *(.vector_19)
                0x00000001                ASSERT (((_vector_spacing == 0x0) || (SIZEOF (.vector_19) <= (_vector_spacing << 0x5))), function at exception vector 19 too large)

.vector_20      0x9d005480        0x0
 *(.vector_20)
                0x00000001                ASSERT (((_vector_spacing == 0x0) || (SIZEOF (.vector_20) <= (_vector_spacing << 0x5))), function at exception vector 20 too large)

.vector_21      0x9d0054a0        0x0
 *(.vector_21)
                0x00000001                ASSERT (((_vector_spacing == 0x0) || (SIZEOF (.vector_21) <= (_vector_spacing << 0x5))), function at exception vector 21 too large)

.vector_22      0x9d0054c0        0x0
 *(.vector_22)
                0x00000001                ASSERT (((_vector_spacing == 0x0) || (SIZEOF (.vector_22) <= (_vector_spacing << 0x5))), function at exception vector 22 too large)

.vector_23      0x9d0054e0        0x0
 *(.vector_23)
                0x00000001                ASSERT (((_vector_spacing == 0x0) || (SIZEOF (.vector_23) <= (_vector_spacing << 0x5))), function at exception vector 23 too large)

.vector_24      0x9d005500        0x0
 *(.vector_24)
                0x00000001                ASSERT (((_vector_spacing == 0x0) || (SIZEOF (.vector_24) <= (_vector_spacing << 0x5))), function at exception vector 24 too large)

.vector_25      0x9d005520        0x0
 *(.vector_25)
                0x00000001                ASSERT (((_vector_spacing == 0x0) || (SIZEOF (.vector_25) <= (_vector_spacing << 0x5))), function at exception vector 25 too large)

.vector_26      0x9d005540        0x0
 *(.vector_26)
                0x00000001                ASSERT (((_vector_spacing == 0x0) || (SIZEOF (.vector_26) <= (_vector_spacing << 0x5))), function at exception vector 26 too large)

.vector_27      0x9d005560        0x0
 *(.vector_27)
                0x00000001                ASSERT (((_vector_spacing == 0x0) || (SIZEOF (.vector_27) <= (_vector_spacing << 0x5))), function at exception vector 27 too large)

.vector_28      0x9d005580        0x0
 *(.vector_28)
                0x00000001                ASSERT (((_vector_spacing == 0x0) || (SIZEOF (.vector_28) <= (_vector_spacing << 0x5))), function at exception vector 28 too large)

.vector_29      0x9d0055a0        0x0
 *(.vector_29)
                0x00000001                ASSERT (((_vector_spacing == 0x0) || (SIZEOF (.vector_29) <= (_vector_spacing << 0x5))), function at exception vector 29 too large)

.vector_30      0x9d0055c0        0x0
 *(.vector_30)
                0x00000001                ASSERT (((_vector_spacing == 0x0) || (SIZEOF (.vector_30) <= (_vector_spacing << 0x5))), function at exception vector 30 too large)

.vector_31      0x9d0055e0        0x0
 *(.vector_31)
                0x00000001                ASSERT (((_vector_spacing == 0x0) || (SIZEOF (.vector_31) <= (_vector_spacing << 0x5))), function at exception vector 31 too large)

.vector_32      0x9d005600        0x0
 *(.vector_32)
                0x00000001                ASSERT (((_vector_spacing == 0x0) || (SIZEOF (.vector_32) <= (_vector_spacing << 0x5))), function at exception vector 32 too large)

.vector_33      0x9d005620        0x0
 *(.vector_33)
                0x00000001                ASSERT (((_vector_spacing == 0x0) || (SIZEOF (.vector_33) <= (_vector_spacing << 0x5))), function at exception vector 33 too large)

.vector_34      0x9d005640        0x0
 *(.vector_34)
                0x00000001                ASSERT (((_vector_spacing == 0x0) || (SIZEOF (.vector_34) <= (_vector_spacing << 0x5))), function at exception vector 34 too large)

.vector_35      0x9d005660        0x0
 *(.vector_35)
                0x00000001                ASSERT (((_vector_spacing == 0x0) || (SIZEOF (.vector_35) <= (_vector_spacing << 0x5))), function at exception vector 35 too large)

.vector_36      0x9d005680        0x0
 *(.vector_36)
                0x00000001                ASSERT (((_vector_spacing == 0x0) || (SIZEOF (.vector_36) <= (_vector_spacing << 0x5))), function at exception vector 36 too large)

.vector_37      0x9d0056a0        0x0
 *(.vector_37)
                0x00000001                ASSERT (((_vector_spacing == 0x0) || (SIZEOF (.vector_37) <= (_vector_spacing << 0x5))), function at exception vector 37 too large)

.vector_38      0x9d0056c0        0x0
 *(.vector_38)
                0x00000001                ASSERT (((_vector_spacing == 0x0) || (SIZEOF (.vector_38) <= (_vector_spacing << 0x5))), function at exception vector 38 too large)

.vector_39      0x9d0056e0        0x0
 *(.vector_39)
                0x00000001                ASSERT (((_vector_spacing == 0x0) || (SIZEOF (.vector_39) <= (_vector_spacing << 0x5))), function at exception vector 39 too large)

.vector_40      0x9d005700        0x0
 *(.vector_40)
                0x00000001                ASSERT (((_vector_spacing == 0x0) || (SIZEOF (.vector_40) <= (_vector_spacing << 0x5))), function at exception vector 40 too large)

.vector_41      0x9d005720        0x0
 *(.vector_41)
                0x00000001                ASSERT (((_vector_spacing == 0x0) || (SIZEOF (.vector_41) <= (_vector_spacing << 0x5))), function at exception vector 41 too large)

.vector_42      0x9d005740        0x0
 *(.vector_42)
                0x00000001                ASSERT (((_vector_spacing == 0x0) || (SIZEOF (.vector_42) <= (_vector_spacing << 0x5))), function at exception vector 42 too large)

.vector_43      0x9d005760        0x0
 *(.vector_43)
                0x00000001                ASSERT (((_vector_spacing == 0x0) || (SIZEOF (.vector_43) <= (_vector_spacing << 0x5))), function at exception vector 43 too large)

.vector_44      0x9d005780        0x0
 *(.vector_44)
                0x00000001                ASSERT (((_vector_spacing == 0x0) || (SIZEOF (.vector_44) <= (_vector_spacing << 0x5))), function at exception vector 44 too large)

.vector_45      0x9d0057a0        0x0
 *(.vector_45)
                0x00000001                ASSERT (((_vector_spacing == 0x0) || (SIZEOF (.vector_45) <= (_vector_spacing << 0x5))), function at exception vector 45 too large)

.vector_46      0x9d0057c0        0x0
 *(.vector_46)
                0x00000001                ASSERT (((_vector_spacing == 0x0) || (SIZEOF (.vector_46) <= (_vector_spacing << 0x5))), function at exception vector 46 too large)

.vector_47      0x9d0057e0        0x0
 *(.vector_47)
                0x00000001                ASSERT (((_vector_spacing == 0x0) || (SIZEOF (.vector_47) <= (_vector_spacing << 0x5))), function at exception vector 47 too large)

.vector_48      0x9d005800        0x0
 *(.vector_48)
                0x00000001                ASSERT (((_vector_spacing == 0x0) || (SIZEOF (.vector_48) <= (_vector_spacing << 0x5))), function at exception vector 48 too large)

.vector_49      0x9d005820        0x0
 *(.vector_49)
                0x00000001                ASSERT (((_vector_spacing == 0x0) || (SIZEOF (.vector_49) <= (_vector_spacing << 0x5))), function at exception vector 49 too large)

.vector_50      0x9d005840        0x0
 *(.vector_50)
                0x00000001                ASSERT (((_vector_spacing == 0x0) || (SIZEOF (.vector_50) <= (_vector_spacing << 0x5))), function at exception vector 50 too large)

.vector_51      0x9d005860        0x0
 *(.vector_51)
                0x00000001                ASSERT (((_vector_spacing == 0x0) || (SIZEOF (.vector_51) <= (_vector_spacing << 0x5))), function at exception vector 51 too large)

.vector_52      0x9d005880        0x0
 *(.vector_52)
                0x00000001                ASSERT (((_vector_spacing == 0x0) || (SIZEOF (.vector_52) <= (_vector_spacing << 0x5))), function at exception vector 52 too large)

.vector_53      0x9d0058a0        0x0
 *(.vector_53)
                0x00000001                ASSERT (((_vector_spacing == 0x0) || (SIZEOF (.vector_53) <= (_vector_spacing << 0x5))), function at exception vector 53 too large)

.vector_54      0x9d0058c0        0x0
 *(.vector_54)
                0x00000001                ASSERT (((_vector_spacing == 0x0) || (SIZEOF (.vector_54) <= (_vector_spacing << 0x5))), function at exception vector 54 too large)

.vector_55      0x9d0058e0        0x0
 *(.vector_55)
                0x00000001                ASSERT (((_vector_spacing == 0x0) || (SIZEOF (.vector_55) <= (_vector_spacing << 0x5))), function at exception vector 55 too large)

.vector_56      0x9d005900        0x0
 *(.vector_56)
                0x00000001                ASSERT (((_vector_spacing == 0x0) || (SIZEOF (.vector_56) <= (_vector_spacing << 0x5))), function at exception vector 56 too large)

.vector_57      0x9d005920        0x0
 *(.vector_57)
                0x00000001                ASSERT (((_vector_spacing == 0x0) || (SIZEOF (.vector_57) <= (_vector_spacing << 0x5))), function at exception vector 57 too large)

.vector_58      0x9d005940        0x0
 *(.vector_58)
                0x00000001                ASSERT (((_vector_spacing == 0x0) || (SIZEOF (.vector_58) <= (_vector_spacing << 0x5))), function at exception vector 58 too large)

.vector_59      0x9d005960        0x0
 *(.vector_59)
                0x00000001                ASSERT (((_vector_spacing == 0x0) || (SIZEOF (.vector_59) <= (_vector_spacing << 0x5))), function at exception vector 59 too large)

.vector_60      0x9d005980        0x0
 *(.vector_60)
                0x00000001                ASSERT (((_vector_spacing == 0x0) || (SIZEOF (.vector_60) <= (_vector_spacing << 0x5))), function at exception vector 60 too large)

.vector_61      0x9d0059a0        0x0
 *(.vector_61)
                0x00000001                ASSERT (((_vector_spacing == 0x0) || (SIZEOF (.vector_61) <= (_vector_spacing << 0x5))), function at exception vector 61 too large)

.vector_62      0x9d0059c0        0x0
 *(.vector_62)
                0x00000001                ASSERT (((_vector_spacing == 0x0) || (SIZEOF (.vector_62) <= (_vector_spacing << 0x5))), function at exception vector 62 too large)

.vector_63      0x9d0059e0        0x0
 *(.vector_63)
                0x00000001                ASSERT (((_vector_spacing == 0x0) || (SIZEOF (.vector_63) <= (_vector_spacing << 0x5))), function at exception vector 63 too large)

.startup
 *(.startup)

.text           0x9d006490        0x0
 *(.stub .gnu.linkonce.t.*)
 *(.text.*personality*)
 *(.mips16.fn.*)
 *(.mips16.call.*)
 *(.gnu.warning)
                0x9d006490                . = ALIGN (0x4)

.init           0x9d006490        0x0
 *crti.o(.init)
 *crtbegin.o(.init)
 *(EXCLUDE_FILE(*crtn.o *crtend?.o *crtend.o) .init)
 *crtend.o(.init)
 *crtn.o(.init)
                0x9d006490                . = ALIGN (0x4)

.fini           0x9d006490        0x0
 *(.fini)
                0x9d006490                . = ALIGN (0x4)

.preinit_array  0x9d006490        0x0
                0x9d006490                PROVIDE (__preinit_array_start, .)
 *(.preinit_array)
                0x9d006490                PROVIDE (__preinit_array_end, .)
                0x9d006490                . = ALIGN (0x4)

.init_array     0x9d006490        0x0
                0x9d006490                PROVIDE (__init_array_start, .)
 *(SORT(.init_array.*))
 *(.init_array)
                0x9d006490                PROVIDE (__init_array_end, .)
                0x9d006490                . = ALIGN (0x4)

.fini_array     0x9d006490        0x0
                0x9d006490                PROVIDE (__fini_array_start, .)
 *(SORT(.fini_array.*))
 *(.fini_array)
                0x9d006490                PROVIDE (__fini_array_end, .)
                0x9d006490                . = ALIGN (0x4)

.ctors          0x9d006490        0x0
 *crtbegin.o(.ctors)
 *crtbegin?.o(.ctors)
 *(EXCLUDE_FILE(*crtend?.o *crtend.o) .ctors)
 *(SORT(.ctors.*))
 *(.ctors)
                0x9d006490                . = ALIGN (0x4)

.dtors          0x9d006490        0x0
 *crtbegin.o(.dtors)
 *crtbegin?.o(.dtors)
 *(EXCLUDE_FILE(*crtend?.o *crtend.o) .dtors)
 *(SORT(.dtors.*))
 *(.dtors)
                0x9d006490                . = ALIGN (0x4)

.rodata         0x9d006490        0x0
 *(.gnu.linkonce.r.*)
 *(.rodata1)
                0x9d006490                . = ALIGN (0x4)

.sdata2         0x9d005000        0x0
 *(.sdata2 .sdata2.* .gnu.linkonce.s2.*)
                0x9d005000                . = ALIGN (0x4)

.sbss2          0x9d005000        0x0
 *(.sbss2 .sbss2.* .gnu.linkonce.sb2.*)
                0x9d005000                . = ALIGN (0x4)

.eh_frame_hdr
 *(.eh_frame_hdr)
                0x9d005000                . = ALIGN (0x4)

.eh_frame
 *(.eh_frame)
                0x9d005000                . = ALIGN (0x4)

.gcc_except_table
 *(.gcc_except_table .gcc_except_table.*)
                0x9d005000                . = ALIGN (0x4)

.dbg_data       0xa0000000        0x0
                0xa0000000                . = (. + DEFINED (_DEBUGGER)?0x200:0x0)

.jcr            0xa0000000        0x0
 *(.jcr)
                0xa0000000                . = ALIGN (0x4)

.eh_frame
 *(.eh_frame)
                0xa0000000                . = ALIGN (0x4)

.gcc_except_table
 *(.gcc_except_table .gcc_except_table.*)
                0xa0000000                . = ALIGN (0x4)

.persist        0xa0000000        0x0
                0xa0000000                _persist_begin = .
 *(.persist .persist.*)
 *(.pbss .pbss.*)
                0xa0000000                . = ALIGN (0x4)
                0xa0000000                _persist_end = .

.data           0xa0000000        0x0
 *(.gnu.linkonce.d.*)
 *(.data1)
                0xa0000000                . = ALIGN (0x4)
                0xa0000000                . = .
                0xa0007ff0                _gp = (ALIGN (0x10) + 0x7ff0)

.got            0xa0000000        0x0
 *(.got.plt)
 *(.got)
                0xa0000000                . = ALIGN (0x4)

.sdata          0xa0000000       0x10
                0xa0000000                _sdata_begin = .
 *(.sdata .sdata.* .gnu.linkonce.s.*)
 .sdata         0xa0000000        0x8 build/default/production/_ext/1360937237/main.o
                0xa0000000                c_version
 .sdata         0xa0000008        0x8 build/default/production/_ext/1360937237/l_adc.o
                0xa0000008                ad_input_ch_no
                0xa0000010                . = ALIGN (0x4)
                0xa0000010                _sdata_end = .

.lit8
 *(.lit8)

.lit4
 *(.lit4)
                0xa0000010                . = ALIGN (0x4)
                0xa0000010                _data_end = .
                0xa0000010                _bss_begin = .

.sbss           0xa0000010      0x10c
                0xa0000010                _sbss_begin = .
 *(.dynsbss)
 *(.sbss .sbss.* .gnu.linkonce.sb.*)
 .sbss          0xa0000010        0xa build/default/production/_ext/1360937237/l_timer.o
                0xa0000010                l_timer1_counter
                0xa0000012                l_timer2_counter
                0xa0000014                ad_input_counter
                0xa0000016                ad_input_flag
                0xa0000017                digital_input_counter
                0xa0000018                digital_input_flag
                0xa0000019                analog_input_flag
 *fill*         0xa000001a        0x2 
 .sbss          0xa000001c       0x80 build/default/production/_ext/1360937237/main.o
                0xa000001c                mouse_input
                0xa0000024                keyboard_input
                0xa000002c                keyboard_output
                0xa0000030                mouse_buffer
                0xa0000038                mouse_buffer_pre
                0xa0000040                keyboard_buffer
                0xa0000048                keyboard_buffer_pre
                0xa0000050                joystick_out_time_counter
                0xa0000052                mouse_input_out_flag
                0xa0000053                joystick_input_out_flag
                0xa0000054                keyboard_input_out_flag
                0xa0000058                mouse_move_flag
                0xa0000060                mouse_sensitivity
                0xa0000066                set_keyboard_push_order_write_idx
                0xa0000067                joystick_hat_sw_output
                0xa0000068                joystick_lever_output
                0xa000006c                an_joystick_lever_out_flag
                0xa0000074                an_joystick_lever_out_value
                0xa000007c                eeprom_read_req_flag
                0xa000007d                eeprom_write_req_flag
                0xa0000080                USBOutHandle
                0xa0000084                USBInHandle
                0xa0000088                lastTransmission_Mouse
                0xa000008c                lastTransmission_Joystick
                0xa0000090                lastINTransmission_Keyboard
                0xa0000094                lastOUTTransmission_Keyboard
                0xa0000098                USB_Sleep_Flag
 .sbss          0xa000009c        0x4 build/default/production/_ext/1360937237/main_sub.o
                0xa000009c                renc_pre_r_code
                0xa000009e                renc_pre_result
 .sbss          0xa00000a0        0xc build/default/production/_ext/1360937237/l_adc.o
                0xa00000a0                ad_input_comp
                0xa00000a8                ad_convert_no
                0xa00000a9                ad_input_average_buff_no
                0xa00000aa                ad_input_req
                0xa00000ab                ad_input_no
 *(.scommon)
 .scommon       0xa00000ac       0x64 build/default/production/_ext/659838314/usb_device.o
                0xa00000ac                pDst
                0xa00000b0                USBDeferINDataStagePackets
                0xa00000b4                CtrlTrfData
                0xa00000bc                USBDeferOUTDataStagePackets
                0xa00000c0                USBDeviceState
                0xa00000c4                controlTransferState
                0xa00000c5                endpoint_number
                0xa00000c8                ep_data_out
                0xa00000d0                USBStatusStageEnabledFlag1
                0xa00000d4                USBStatusStageEnabledFlag2
                0xa00000d8                BothEP0OutUOWNsSet
                0xa00000dc                pBDTEntryEP0OutNext
                0xa00000e0                USBBusIsSuspended
                0xa00000e4                USBStatusStageTimeoutCounter
                0xa00000e8                SetupPkt
                0xa00000f0                ep_data_in
                0xa00000f5                shortPacketStatus
                0xa00000f8                pBDTEntryEP0OutCurrent
                0xa00000fc                USBActiveConfiguration
                0xa0000100                RemoteWakeup
                0xa0000104                USTATcopy
                0xa0000108                USBAlternateInterface
                0xa000010c                USBDeferStatusStagePacket
 .scommon       0xa0000110        0x2 build/default/production/_ext/659838314/usb_function_hid.o
                0xa0000110                active_protocol
                0xa0000111                idle_rate
 *fill*         0xa0000112        0x2 
 .scommon       0xa0000114        0x5 build/default/production/_ext/1360937237/l_eeprom.o
                0xa0000114                my_all_infos
                0xa0000119                _sbss_end = .
                0xa000011c                . = ALIGN (0x4)
 *fill*         0xa0000119        0x3 

.bss            0xa0000200      0x3b4
 *(.dynbss)
 *(COMMON)
 COMMON         0xa0000200       0xe3 build/default/production/_ext/659838314/usb_device.o
                0xa0000200                BDT
                0xa00002a0                inPipes
                0xa00002b0                pBDTEntryIn
                0xa00002c4                pBDTEntryOut
                0xa00002d8                outPipes
 *fill*         0xa00002e3        0x1 
 COMMON         0xa00002e4      0x1f0 build/default/production/_ext/1360937237/l_eeprom.o
                0xa00002e4                my_an_infos
                0xa00003e4                my_sw_infos
 COMMON         0xa00004d4       0xe0 build/default/production/_ext/1360937237/main.o
                0xa00004d4                set_keyboard_push_order_ctrl_bit
                0xa00004f4                ReceivedDataBuffer
                0xa0000534                set_keyboard_push_order_key_code
                0xa0000554                set_keyboard_push_order_buff
                0xa0000574                ToSendDataBuffer
                0xa00005b4                . = ALIGN ((. != 0x0)?0x4:0x1)
                0xa00005b4                . = ALIGN (0x4)
                0xa00005b4                _end = .
                0xa00005b4                _bss_end = .
                0x00004000                _bmxdudba_address = 0x4000
                0x00004000                _bmxdupba_address = 0x4000

/DISCARD/
 *(.pdr)
 *(.rel.dyn)
 *(.note.GNU-stack)
 *(.note.GNU-stack)
 *(.gnu_debuglink)
 *(.gnu.lto_*)
 *(.discard)
 *(._debug_exception)

.gptab.sdata
 *(.gptab.data)
 *(.gptab.sdata)

.gptab.sbss
 *(.gptab.bss)
 *(.gptab.sbss)

.mdebug.abi32   0xa00005b4        0x0
 *(.mdebug.abi32)
 .mdebug.abi32  0xa00005b4        0x0 build/default/production/_ext/659838314/usb_device.o
 .mdebug.abi32  0xa00005b4        0x0 build/default/production/_ext/659838314/usb_function_hid.o
 .mdebug.abi32  0xa00005b4        0x0 build/default/production/_ext/1360937237/l_eeprom.o
 .mdebug.abi32  0xa00005b4        0x0 build/default/production/_ext/1360937237/l_spi.o
 .mdebug.abi32  0xa00005b4        0x0 build/default/production/_ext/1360937237/l_timer.o
 .mdebug.abi32  0xa00005b4        0x0 build/default/production/_ext/1360937237/main.o
 .mdebug.abi32  0xa00005b4        0x0 build/default/production/_ext/1360937237/main_comm.o
 .mdebug.abi32  0xa00005b4        0x0 build/default/production/_ext/1360937237/main_sub.o
 .mdebug.abi32  0xa00005b4        0x0 build/default/production/_ext/1360937237/system_interrupt.o
 .mdebug.abi32  0xa00005b4        0x0 build/default/production/_ext/1360937237/usb_descriptors.o
 .mdebug.abi32  0xa00005b4        0x0 build/default/production/_ext/1360937237/l_adc.o
 .mdebug.abi32  0xa00005b4        0x0 c:/program files (x86)/microchip/xc32/v1.30/bin/../lib/gcc/pic32mx/4.5.2/../../../../pic32mx/lib\libmchp_peripheral_32MX230F064D.a(soft_reset_lib.o)
 .mdebug.abi32  0xa00005b4        0x0 c:/program files (x86)/microchip/xc32/v1.30/bin/../lib/gcc/pic32mx/4.5.2/../../../../pic32mx/lib\libmchp_peripheral_32MX230F064D.a(int_enable_interrupts_lib.o)
 .mdebug.abi32  0xa00005b4        0x0 c:/program files (x86)/microchip/xc32/v1.30/bin/../lib/gcc/pic32mx/4.5.2/../../../../pic32mx/lib\libmchp_peripheral_32MX230F064D.a(int_disable_interrupts_lib.o)
 .mdebug.abi32  0xa00005b4        0x0 c:/program files (x86)/microchip/xc32/v1.30/bin/../lib/gcc/pic32mx/4.5.2/../../../../pic32mx/lib\libmchp_peripheral_32MX230F064D.a(int_tbl_lib.o)
 .mdebug.abi32  0xa00005b4        0x0 c:/program files (x86)/microchip/xc32/v1.30/bin/../lib/gcc/pic32mx/4.5.2/../../../../pic32mx/lib\libpic32.a(default-bootstrap-exception-handler.o)
 .mdebug.abi32  0xa00005b4        0x0 c:/program files (x86)/microchip/xc32/v1.30/bin/../lib/gcc/pic32mx/4.5.2/../../../../pic32mx/lib\libpic32.a(default-on-reset.o)
 .mdebug.abi32  0xa00005b4        0x0 c:/program files (x86)/microchip/xc32/v1.30/bin/../lib/gcc/pic32mx/4.5.2/../../../../pic32mx/lib\libpic32.a(default-on-bootstrap.o)
 .mdebug.abi32  0xa00005b4        0x0 c:/program files (x86)/microchip/xc32/v1.30/bin/../lib/gcc/pic32mx/4.5.2/../../../../pic32mx/lib\libpic32.a(default-general-exception-handler.o)

.mdebug.abiN32
 *(.mdebug.abiN32)

.mdebug.abi64
 *(.mdebug.abi64)

.mdebug.abiO64
 *(.mdebug.abiO64)

.mdebug.eabi32
 *(.mdebug.eabi32)

.mdebug.eabi64
 *(.mdebug.eabi64)

.gcc_compiled_long32
 *(.gcc_compiled_long32)

.gcc_compiled_long64
 *(.gcc_compiled_long64)

.stab
 *(.stab)

.stabstr
 *(.stabstr)

.stab.excl
 *(.stab.excl)

.stab.exclstr
 *(.stab.exclstr)

.stab.index
 *(.stab.index)

.stab.indexstr
 *(.stab.indexstr)

.comment        0x00000000       0xa9
 *(.comment)
 .comment       0x00000000       0x3c build/default/production/_ext/659838314/usb_device.o
                                 0x3d (size before relaxing)
 .comment       0x00000000       0x3d build/default/production/_ext/659838314/usb_function_hid.o
 .comment       0x00000000       0x3d build/default/production/_ext/1360937237/l_eeprom.o
 .comment       0x00000000       0x3d build/default/production/_ext/1360937237/l_spi.o
 .comment       0x00000000       0x3d build/default/production/_ext/1360937237/l_timer.o
 .comment       0x00000000       0x3d build/default/production/_ext/1360937237/main.o
 .comment       0x00000000       0x3d build/default/production/_ext/1360937237/main_comm.o
 .comment       0x00000000       0x3d build/default/production/_ext/1360937237/main_sub.o
 .comment       0x00000000       0x3d build/default/production/_ext/1360937237/system_interrupt.o
 .comment       0x00000000       0x3d build/default/production/_ext/1360937237/usb_descriptors.o
 .comment       0x00000000       0x3d build/default/production/_ext/1360937237/l_adc.o
 .comment       0x0000003c       0x3c c:/program files (x86)/microchip/xc32/v1.30/bin/../lib/gcc/pic32mx/4.5.2/../../../../pic32mx/lib\libmchp_peripheral_32MX230F064D.a(soft_reset_lib.o)
                                 0x3d (size before relaxing)
 .comment       0x00000000       0x3d c:/program files (x86)/microchip/xc32/v1.30/bin/../lib/gcc/pic32mx/4.5.2/../../../../pic32mx/lib\libmchp_peripheral_32MX230F064D.a(int_enable_interrupts_lib.o)
 .comment       0x00000000       0x3d c:/program files (x86)/microchip/xc32/v1.30/bin/../lib/gcc/pic32mx/4.5.2/../../../../pic32mx/lib\libmchp_peripheral_32MX230F064D.a(int_disable_interrupts_lib.o)
 .comment       0x00000000       0x3d c:/program files (x86)/microchip/xc32/v1.30/bin/../lib/gcc/pic32mx/4.5.2/../../../../pic32mx/lib\libmchp_peripheral_32MX230F064D.a(int_tbl_lib.o)
 .comment       0x00000078       0x18 c:/program files (x86)/microchip/xc32/v1.30/bin/../lib/gcc/pic32mx/4.5.2/../../../../pic32mx/lib\libpic32.a(memset.o)
                                 0x19 (size before relaxing)
 .comment       0x00000090       0x19 c:/program files (x86)/microchip/xc32/v1.30/bin/../lib/gcc/pic32mx/4.5.2/../../../../pic32mx/lib\libpic32.a(strlen.o)
                                 0x1a (size before relaxing)
 .comment       0x00000000       0x3d c:/program files (x86)/microchip/xc32/v1.30/bin/../lib/gcc/pic32mx/4.5.2/../../../../pic32mx/lib\libpic32.a(default-bootstrap-exception-handler.o)
 .comment       0x00000000       0x3d c:/program files (x86)/microchip/xc32/v1.30/bin/../lib/gcc/pic32mx/4.5.2/../../../../pic32mx/lib\libpic32.a(default-on-reset.o)
 .comment       0x00000000       0x3d c:/program files (x86)/microchip/xc32/v1.30/bin/../lib/gcc/pic32mx/4.5.2/../../../../pic32mx/lib\libpic32.a(default-on-bootstrap.o)
 .comment       0x00000000       0x3d c:/program files (x86)/microchip/xc32/v1.30/bin/../lib/gcc/pic32mx/4.5.2/../../../../pic32mx/lib\libpic32.a(default-general-exception-handler.o)

.debug
 *(.debug)

.line
 *(.line)

.debug_srcinfo
 *(.debug_srcinfo)

.debug_sfnames
 *(.debug_sfnames)

.debug_aranges  0x00000000      0x280
 *(.debug_aranges)
 .debug_aranges
                0x00000000       0x20 build/default/production/_ext/659838314/usb_device.o
 .debug_aranges
                0x00000020       0x20 build/default/production/_ext/659838314/usb_function_hid.o
 .debug_aranges
                0x00000040       0x20 build/default/production/_ext/1360937237/l_eeprom.o
 .debug_aranges
                0x00000060       0x20 build/default/production/_ext/1360937237/l_spi.o
 .debug_aranges
                0x00000080       0x20 build/default/production/_ext/1360937237/l_timer.o
 .debug_aranges
                0x000000a0       0x20 build/default/production/_ext/1360937237/main.o
 .debug_aranges
                0x000000c0       0x20 build/default/production/_ext/1360937237/main_comm.o
 .debug_aranges
                0x000000e0       0x20 build/default/production/_ext/1360937237/main_sub.o
 .debug_aranges
                0x00000100       0x20 build/default/production/_ext/1360937237/system_interrupt.o
 .debug_aranges
                0x00000120       0x20 build/default/production/_ext/1360937237/l_adc.o
 .debug_aranges
                0x00000140       0x20 c:/program files (x86)/microchip/xc32/v1.30/bin/../lib/gcc/pic32mx/4.5.2/../../../../pic32mx/lib\libmchp_peripheral_32MX230F064D.a(soft_reset_lib.o)
 .debug_aranges
                0x00000160       0x20 c:/program files (x86)/microchip/xc32/v1.30/bin/../lib/gcc/pic32mx/4.5.2/../../../../pic32mx/lib\libmchp_peripheral_32MX230F064D.a(int_enable_interrupts_lib.o)
 .debug_aranges
                0x00000180       0x20 c:/program files (x86)/microchip/xc32/v1.30/bin/../lib/gcc/pic32mx/4.5.2/../../../../pic32mx/lib\libmchp_peripheral_32MX230F064D.a(int_disable_interrupts_lib.o)
 .debug_aranges
                0x000001a0       0x60 c:/program files (x86)/microchip/xc32/v1.30/bin/../lib/gcc/pic32mx/4.5.2/../../../../pic32mx/lib\libmchp_peripheral_32MX230F064D.a(int_tbl_lib.o)
 .debug_aranges
                0x00000200       0x20 c:/program files (x86)/microchip/xc32/v1.30/bin/../lib/gcc/pic32mx/4.5.2/../../../../pic32mx/lib\libpic32.a(default-bootstrap-exception-handler.o)
 .debug_aranges
                0x00000220       0x20 c:/program files (x86)/microchip/xc32/v1.30/bin/../lib/gcc/pic32mx/4.5.2/../../../../pic32mx/lib\libpic32.a(default-on-reset.o)
 .debug_aranges
                0x00000240       0x20 c:/program files (x86)/microchip/xc32/v1.30/bin/../lib/gcc/pic32mx/4.5.2/../../../../pic32mx/lib\libpic32.a(default-on-bootstrap.o)
 .debug_aranges
                0x00000260       0x20 c:/program files (x86)/microchip/xc32/v1.30/bin/../lib/gcc/pic32mx/4.5.2/../../../../pic32mx/lib\libpic32.a(default-general-exception-handler.o)

.debug_pubnames
                0x00000000     0x12e4
 *(.debug_pubnames)
 .debug_pubnames
                0x00000000      0x312 build/default/production/_ext/659838314/usb_device.o
 .debug_pubnames
                0x00000312       0x4b build/default/production/_ext/659838314/usb_function_hid.o
 .debug_pubnames
                0x0000035d      0x2b8 build/default/production/_ext/1360937237/l_eeprom.o
 .debug_pubnames
                0x00000615       0x41 build/default/production/_ext/1360937237/l_spi.o
 .debug_pubnames
                0x00000656       0xfa build/default/production/_ext/1360937237/l_timer.o
 .debug_pubnames
                0x00000750      0x5c2 build/default/production/_ext/1360937237/main.o
 .debug_pubnames
                0x00000d12       0x1f build/default/production/_ext/1360937237/main_comm.o
 .debug_pubnames
                0x00000d31      0x1f8 build/default/production/_ext/1360937237/main_sub.o
 .debug_pubnames
                0x00000f29       0x4c build/default/production/_ext/1360937237/system_interrupt.o
 .debug_pubnames
                0x00000f75       0xab build/default/production/_ext/1360937237/usb_descriptors.o
 .debug_pubnames
                0x00001020       0xdd build/default/production/_ext/1360937237/l_adc.o
 .debug_pubnames
                0x000010fd       0x20 c:/program files (x86)/microchip/xc32/v1.30/bin/../lib/gcc/pic32mx/4.5.2/../../../../pic32mx/lib\libmchp_peripheral_32MX230F064D.a(soft_reset_lib.o)
 .debug_pubnames
                0x0000111d       0x2a c:/program files (x86)/microchip/xc32/v1.30/bin/../lib/gcc/pic32mx/4.5.2/../../../../pic32mx/lib\libmchp_peripheral_32MX230F064D.a(int_enable_interrupts_lib.o)
 .debug_pubnames
                0x00001147       0x2b c:/program files (x86)/microchip/xc32/v1.30/bin/../lib/gcc/pic32mx/4.5.2/../../../../pic32mx/lib\libmchp_peripheral_32MX230F064D.a(int_disable_interrupts_lib.o)
 .debug_pubnames
                0x00001172       0xca c:/program files (x86)/microchip/xc32/v1.30/bin/../lib/gcc/pic32mx/4.5.2/../../../../pic32mx/lib\libmchp_peripheral_32MX230F064D.a(int_tbl_lib.o)
 .debug_pubnames
                0x0000123c       0x33 c:/program files (x86)/microchip/xc32/v1.30/bin/../lib/gcc/pic32mx/4.5.2/../../../../pic32mx/lib\libpic32.a(default-bootstrap-exception-handler.o)
 .debug_pubnames
                0x0000126f       0x20 c:/program files (x86)/microchip/xc32/v1.30/bin/../lib/gcc/pic32mx/4.5.2/../../../../pic32mx/lib\libpic32.a(default-on-reset.o)
 .debug_pubnames
                0x0000128f       0x24 c:/program files (x86)/microchip/xc32/v1.30/bin/../lib/gcc/pic32mx/4.5.2/../../../../pic32mx/lib\libpic32.a(default-on-bootstrap.o)
 .debug_pubnames
                0x000012b3       0x31 c:/program files (x86)/microchip/xc32/v1.30/bin/../lib/gcc/pic32mx/4.5.2/../../../../pic32mx/lib\libpic32.a(default-general-exception-handler.o)

.debug_info     0x00000000    0x15548
 *(.debug_info .gnu.linkonce.wi.*)
 .debug_info    0x00000000     0x37c3 build/default/production/_ext/659838314/usb_device.o
 .debug_info    0x000037c3     0x1b45 build/default/production/_ext/659838314/usb_function_hid.o
 .debug_info    0x00005308     0x1d12 build/default/production/_ext/1360937237/l_eeprom.o
 .debug_info    0x0000701a     0x1b97 build/default/production/_ext/1360937237/l_spi.o
 .debug_info    0x00008bb1     0x21eb build/default/production/_ext/1360937237/l_timer.o
 .debug_info    0x0000ad9c     0x273a build/default/production/_ext/1360937237/main.o
 .debug_info    0x0000d4d6     0x1b6b build/default/production/_ext/1360937237/main_comm.o
 .debug_info    0x0000f041     0x22e7 build/default/production/_ext/1360937237/main_sub.o
 .debug_info    0x00011328      0xf78 build/default/production/_ext/1360937237/system_interrupt.o
 .debug_info    0x000122a0     0x16dd build/default/production/_ext/1360937237/usb_descriptors.o
 .debug_info    0x0001397d     0x14e9 build/default/production/_ext/1360937237/l_adc.o
 .debug_info    0x00014e66       0xb2 c:/program files (x86)/microchip/xc32/v1.30/bin/../lib/gcc/pic32mx/4.5.2/../../../../pic32mx/lib\libmchp_peripheral_32MX230F064D.a(soft_reset_lib.o)
 .debug_info    0x00014f18       0xb4 c:/program files (x86)/microchip/xc32/v1.30/bin/../lib/gcc/pic32mx/4.5.2/../../../../pic32mx/lib\libmchp_peripheral_32MX230F064D.a(int_enable_interrupts_lib.o)
 .debug_info    0x00014fcc       0xb6 c:/program files (x86)/microchip/xc32/v1.30/bin/../lib/gcc/pic32mx/4.5.2/../../../../pic32mx/lib\libmchp_peripheral_32MX230F064D.a(int_disable_interrupts_lib.o)
 .debug_info    0x00015082      0x196 c:/program files (x86)/microchip/xc32/v1.30/bin/../lib/gcc/pic32mx/4.5.2/../../../../pic32mx/lib\libmchp_peripheral_32MX230F064D.a(int_tbl_lib.o)
 .debug_info    0x00015218       0xde c:/program files (x86)/microchip/xc32/v1.30/bin/../lib/gcc/pic32mx/4.5.2/../../../../pic32mx/lib\libpic32.a(default-bootstrap-exception-handler.o)
 .debug_info    0x000152f6       0xb8 c:/program files (x86)/microchip/xc32/v1.30/bin/../lib/gcc/pic32mx/4.5.2/../../../../pic32mx/lib\libpic32.a(default-on-reset.o)
 .debug_info    0x000153ae       0xc0 c:/program files (x86)/microchip/xc32/v1.30/bin/../lib/gcc/pic32mx/4.5.2/../../../../pic32mx/lib\libpic32.a(default-on-bootstrap.o)
 .debug_info    0x0001546e       0xda c:/program files (x86)/microchip/xc32/v1.30/bin/../lib/gcc/pic32mx/4.5.2/../../../../pic32mx/lib\libpic32.a(default-general-exception-handler.o)

.debug_abbrev   0x00000000     0x1a15
 *(.debug_abbrev)
 .debug_abbrev  0x00000000      0x35a build/default/production/_ext/659838314/usb_device.o
 .debug_abbrev  0x0000035a      0x1e3 build/default/production/_ext/659838314/usb_function_hid.o
 .debug_abbrev  0x0000053d      0x30f build/default/production/_ext/1360937237/l_eeprom.o
 .debug_abbrev  0x0000084c      0x1bf build/default/production/_ext/1360937237/l_spi.o
 .debug_abbrev  0x00000a0b      0x1e6 build/default/production/_ext/1360937237/l_timer.o
 .debug_abbrev  0x00000bf1      0x29f build/default/production/_ext/1360937237/main.o
 .debug_abbrev  0x00000e90      0x20a build/default/production/_ext/1360937237/main_comm.o
 .debug_abbrev  0x0000109a      0x2fd build/default/production/_ext/1360937237/main_sub.o
 .debug_abbrev  0x00001397      0x17b build/default/production/_ext/1360937237/system_interrupt.o
 .debug_abbrev  0x00001512      0x1e5 build/default/production/_ext/1360937237/usb_descriptors.o
 .debug_abbrev  0x000016f7      0x1ef build/default/production/_ext/1360937237/l_adc.o
 .debug_abbrev  0x000018e6       0x34 c:/program files (x86)/microchip/xc32/v1.30/bin/../lib/gcc/pic32mx/4.5.2/../../../../pic32mx/lib\libmchp_peripheral_32MX230F064D.a(soft_reset_lib.o)
 .debug_abbrev  0x0000191a       0x25 c:/program files (x86)/microchip/xc32/v1.30/bin/../lib/gcc/pic32mx/4.5.2/../../../../pic32mx/lib\libmchp_peripheral_32MX230F064D.a(int_enable_interrupts_lib.o)
 .debug_abbrev  0x0000193f       0x25 c:/program files (x86)/microchip/xc32/v1.30/bin/../lib/gcc/pic32mx/4.5.2/../../../../pic32mx/lib\libmchp_peripheral_32MX230F064D.a(int_disable_interrupts_lib.o)
 .debug_abbrev  0x00001964       0x25 c:/program files (x86)/microchip/xc32/v1.30/bin/../lib/gcc/pic32mx/4.5.2/../../../../pic32mx/lib\libmchp_peripheral_32MX230F064D.a(int_tbl_lib.o)
 .debug_abbrev  0x00001989       0x23 c:/program files (x86)/microchip/xc32/v1.30/bin/../lib/gcc/pic32mx/4.5.2/../../../../pic32mx/lib\libpic32.a(default-bootstrap-exception-handler.o)
 .debug_abbrev  0x000019ac       0x23 c:/program files (x86)/microchip/xc32/v1.30/bin/../lib/gcc/pic32mx/4.5.2/../../../../pic32mx/lib\libpic32.a(default-on-reset.o)
 .debug_abbrev  0x000019cf       0x23 c:/program files (x86)/microchip/xc32/v1.30/bin/../lib/gcc/pic32mx/4.5.2/../../../../pic32mx/lib\libpic32.a(default-on-bootstrap.o)
 .debug_abbrev  0x000019f2       0x23 c:/program files (x86)/microchip/xc32/v1.30/bin/../lib/gcc/pic32mx/4.5.2/../../../../pic32mx/lib\libpic32.a(default-general-exception-handler.o)

.debug_line     0x00000000     0x291f
 *(.debug_line)
 .debug_line    0x00000000      0x600 build/default/production/_ext/659838314/usb_device.o
 .debug_line    0x00000600      0x267 build/default/production/_ext/659838314/usb_function_hid.o
 .debug_line    0x00000867      0x2e2 build/default/production/_ext/1360937237/l_eeprom.o
 .debug_line    0x00000b49      0x1e8 build/default/production/_ext/1360937237/l_spi.o
 .debug_line    0x00000d31      0x287 build/default/production/_ext/1360937237/l_timer.o
 .debug_line    0x00000fb8      0x47f build/default/production/_ext/1360937237/main.o
 .debug_line    0x00001437      0x501 build/default/production/_ext/1360937237/main_comm.o
 .debug_line    0x00001938      0x53b build/default/production/_ext/1360937237/main_sub.o
 .debug_line    0x00001e73      0x1d0 build/default/production/_ext/1360937237/system_interrupt.o
 .debug_line    0x00002043      0x247 build/default/production/_ext/1360937237/usb_descriptors.o
 .debug_line    0x0000228a      0x259 build/default/production/_ext/1360937237/l_adc.o
 .debug_line    0x000024e3       0xbb c:/program files (x86)/microchip/xc32/v1.30/bin/../lib/gcc/pic32mx/4.5.2/../../../../pic32mx/lib\libmchp_peripheral_32MX230F064D.a(soft_reset_lib.o)
 .debug_line    0x0000259e       0x72 c:/program files (x86)/microchip/xc32/v1.30/bin/../lib/gcc/pic32mx/4.5.2/../../../../pic32mx/lib\libmchp_peripheral_32MX230F064D.a(int_enable_interrupts_lib.o)
 .debug_line    0x00002610       0x73 c:/program files (x86)/microchip/xc32/v1.30/bin/../lib/gcc/pic32mx/4.5.2/../../../../pic32mx/lib\libmchp_peripheral_32MX230F064D.a(int_disable_interrupts_lib.o)
 .debug_line    0x00002683       0x64 c:/program files (x86)/microchip/xc32/v1.30/bin/../lib/gcc/pic32mx/4.5.2/../../../../pic32mx/lib\libmchp_peripheral_32MX230F064D.a(int_tbl_lib.o)
 .debug_line    0x000026e7       0x97 c:/program files (x86)/microchip/xc32/v1.30/bin/../lib/gcc/pic32mx/4.5.2/../../../../pic32mx/lib\libpic32.a(default-bootstrap-exception-handler.o)
 .debug_line    0x0000277e       0x84 c:/program files (x86)/microchip/xc32/v1.30/bin/../lib/gcc/pic32mx/4.5.2/../../../../pic32mx/lib\libpic32.a(default-on-reset.o)
 .debug_line    0x00002802       0x88 c:/program files (x86)/microchip/xc32/v1.30/bin/../lib/gcc/pic32mx/4.5.2/../../../../pic32mx/lib\libpic32.a(default-on-bootstrap.o)
 .debug_line    0x0000288a       0x95 c:/program files (x86)/microchip/xc32/v1.30/bin/../lib/gcc/pic32mx/4.5.2/../../../../pic32mx/lib\libpic32.a(default-general-exception-handler.o)

.debug_frame    0x00000000      0x914
 *(.debug_frame)
 .debug_frame   0x00000000       0xd8 build/default/production/_ext/659838314/usb_device.o
 .debug_frame   0x000000d8       0x20 build/default/production/_ext/659838314/usb_function_hid.o
 .debug_frame   0x000000f8      0x2a4 build/default/production/_ext/1360937237/l_eeprom.o
 .debug_frame   0x0000039c       0x40 build/default/production/_ext/1360937237/l_spi.o
 .debug_frame   0x000003dc       0x60 build/default/production/_ext/1360937237/l_timer.o
 .debug_frame   0x0000043c      0x120 build/default/production/_ext/1360937237/main.o
 .debug_frame   0x0000055c       0x2c build/default/production/_ext/1360937237/main_comm.o
 .debug_frame   0x00000588      0x124 build/default/production/_ext/1360937237/main_sub.o
 .debug_frame   0x000006ac       0x98 build/default/production/_ext/1360937237/system_interrupt.o
 .debug_frame   0x00000744       0x38 build/default/production/_ext/1360937237/l_adc.o
 .debug_frame   0x0000077c       0x28 c:/program files (x86)/microchip/xc32/v1.30/bin/../lib/gcc/pic32mx/4.5.2/../../../../pic32mx/lib\libmchp_peripheral_32MX230F064D.a(soft_reset_lib.o)
 .debug_frame   0x000007a4       0x20 c:/program files (x86)/microchip/xc32/v1.30/bin/../lib/gcc/pic32mx/4.5.2/../../../../pic32mx/lib\libmchp_peripheral_32MX230F064D.a(int_enable_interrupts_lib.o)
 .debug_frame   0x000007c4       0x20 c:/program files (x86)/microchip/xc32/v1.30/bin/../lib/gcc/pic32mx/4.5.2/../../../../pic32mx/lib\libmchp_peripheral_32MX230F064D.a(int_disable_interrupts_lib.o)
 .debug_frame   0x000007e4       0xa0 c:/program files (x86)/microchip/xc32/v1.30/bin/../lib/gcc/pic32mx/4.5.2/../../../../pic32mx/lib\libmchp_peripheral_32MX230F064D.a(int_tbl_lib.o)
 .debug_frame   0x00000884       0x28 c:/program files (x86)/microchip/xc32/v1.30/bin/../lib/gcc/pic32mx/4.5.2/../../../../pic32mx/lib\libpic32.a(default-bootstrap-exception-handler.o)
 .debug_frame   0x000008ac       0x20 c:/program files (x86)/microchip/xc32/v1.30/bin/../lib/gcc/pic32mx/4.5.2/../../../../pic32mx/lib\libpic32.a(default-on-reset.o)
 .debug_frame   0x000008cc       0x20 c:/program files (x86)/microchip/xc32/v1.30/bin/../lib/gcc/pic32mx/4.5.2/../../../../pic32mx/lib\libpic32.a(default-on-bootstrap.o)
 .debug_frame   0x000008ec       0x28 c:/program files (x86)/microchip/xc32/v1.30/bin/../lib/gcc/pic32mx/4.5.2/../../../../pic32mx/lib\libpic32.a(default-general-exception-handler.o)

.debug_str      0x00000000     0x1649
 *(.debug_str)
 .debug_str     0x00000000      0x364 build/default/production/_ext/659838314/usb_device.o
 .debug_str     0x00000364      0x154 build/default/production/_ext/659838314/usb_function_hid.o
 .debug_str     0x000004b8       0xf7 build/default/production/_ext/1360937237/l_eeprom.o
 .debug_str     0x000005af      0x13a build/default/production/_ext/1360937237/l_spi.o
 .debug_str     0x000006e9      0x1be build/default/production/_ext/1360937237/l_timer.o
 .debug_str     0x000008a7      0x420 build/default/production/_ext/1360937237/main.o
 .debug_str     0x00000cc7      0x37d build/default/production/_ext/1360937237/main_comm.o
 .debug_str     0x00001044      0x30f build/default/production/_ext/1360937237/main_sub.o
 .debug_str     0x00001353       0xe2 build/default/production/_ext/1360937237/system_interrupt.o
 .debug_str     0x00001435      0x113 build/default/production/_ext/1360937237/usb_descriptors.o
 .debug_str     0x00001548      0x101 build/default/production/_ext/1360937237/l_adc.o
 .debug_str     0x00001649        0x0 c:/program files (x86)/microchip/xc32/v1.30/bin/../lib/gcc/pic32mx/4.5.2/../../../../pic32mx/lib\libmchp_peripheral_32MX230F064D.a(soft_reset_lib.o)
 .debug_str     0x00001649        0x0 c:/program files (x86)/microchip/xc32/v1.30/bin/../lib/gcc/pic32mx/4.5.2/../../../../pic32mx/lib\libmchp_peripheral_32MX230F064D.a(int_enable_interrupts_lib.o)
 .debug_str     0x00001649        0x0 c:/program files (x86)/microchip/xc32/v1.30/bin/../lib/gcc/pic32mx/4.5.2/../../../../pic32mx/lib\libmchp_peripheral_32MX230F064D.a(int_disable_interrupts_lib.o)
 .debug_str     0x00001649        0x0 c:/program files (x86)/microchip/xc32/v1.30/bin/../lib/gcc/pic32mx/4.5.2/../../../../pic32mx/lib\libmchp_peripheral_32MX230F064D.a(int_tbl_lib.o)
 .debug_str     0x00001649        0x0 c:/program files (x86)/microchip/xc32/v1.30/bin/../lib/gcc/pic32mx/4.5.2/../../../../pic32mx/lib\libpic32.a(default-bootstrap-exception-handler.o)
 .debug_str     0x00001649        0x0 c:/program files (x86)/microchip/xc32/v1.30/bin/../lib/gcc/pic32mx/4.5.2/../../../../pic32mx/lib\libpic32.a(default-on-reset.o)
 .debug_str     0x00001649        0x0 c:/program files (x86)/microchip/xc32/v1.30/bin/../lib/gcc/pic32mx/4.5.2/../../../../pic32mx/lib\libpic32.a(default-on-bootstrap.o)
 .debug_str     0x00001649        0x0 c:/program files (x86)/microchip/xc32/v1.30/bin/../lib/gcc/pic32mx/4.5.2/../../../../pic32mx/lib\libpic32.a(default-general-exception-handler.o)

.debug_loc      0x00000000      0xb69
 *(.debug_loc)
 .debug_loc     0x00000000      0x1f0 build/default/production/_ext/659838314/usb_device.o
 .debug_loc     0x000001f0      0x2f8 build/default/production/_ext/1360937237/l_eeprom.o
 .debug_loc     0x000004e8       0x4f build/default/production/_ext/1360937237/l_spi.o
 .debug_loc     0x00000537       0xa1 build/default/production/_ext/1360937237/main.o
 .debug_loc     0x000005d8       0xb1 build/default/production/_ext/1360937237/main_comm.o
 .debug_loc     0x00000689      0x4ba build/default/production/_ext/1360937237/main_sub.o
 .debug_loc     0x00000b43       0x26 build/default/production/_ext/1360937237/l_adc.o

.debug_macinfo
 *(.debug_macinfo)

.debug_weaknames
 *(.debug_weaknames)

.debug_funcnames
 *(.debug_funcnames)

.debug_typenames
 *(.debug_typenames)

.debug_varnames
 *(.debug_varnames)

.debug_pubtypes
                0x00000000      0xfd9
 *(.debug_pubtypes)
 .debug_pubtypes
                0x00000000      0x285 build/default/production/_ext/659838314/usb_device.o
 .debug_pubtypes
                0x00000285      0x108 build/default/production/_ext/659838314/usb_function_hid.o
 .debug_pubtypes
                0x0000038d      0x17e build/default/production/_ext/1360937237/l_eeprom.o
 .debug_pubtypes
                0x0000050b      0x155 build/default/production/_ext/1360937237/l_spi.o
 .debug_pubtypes
                0x00000660      0x17a build/default/production/_ext/1360937237/l_timer.o
 .debug_pubtypes
                0x000007da      0x1ed build/default/production/_ext/1360937237/main.o
 .debug_pubtypes
                0x000009c7      0x1e4 build/default/production/_ext/1360937237/main_comm.o
 .debug_pubtypes
                0x00000bab      0x19e build/default/production/_ext/1360937237/main_sub.o
 .debug_pubtypes
                0x00000d49       0xbd build/default/production/_ext/1360937237/system_interrupt.o
 .debug_pubtypes
                0x00000e06      0x104 build/default/production/_ext/1360937237/usb_descriptors.o
 .debug_pubtypes
                0x00000f0a       0xcf build/default/production/_ext/1360937237/l_adc.o

.debug_ranges   0x00000000       0x80
 *(.debug_ranges)
 .debug_ranges  0x00000000       0x10 c:/program files (x86)/microchip/xc32/v1.30/bin/../lib/gcc/pic32mx/4.5.2/../../../../pic32mx/lib\libmchp_peripheral_32MX230F064D.a(soft_reset_lib.o)
 .debug_ranges  0x00000010       0x10 c:/program files (x86)/microchip/xc32/v1.30/bin/../lib/gcc/pic32mx/4.5.2/../../../../pic32mx/lib\libmchp_peripheral_32MX230F064D.a(int_enable_interrupts_lib.o)
 .debug_ranges  0x00000020       0x10 c:/program files (x86)/microchip/xc32/v1.30/bin/../lib/gcc/pic32mx/4.5.2/../../../../pic32mx/lib\libmchp_peripheral_32MX230F064D.a(int_disable_interrupts_lib.o)
 .debug_ranges  0x00000030       0x50 c:/program files (x86)/microchip/xc32/v1.30/bin/../lib/gcc/pic32mx/4.5.2/../../../../pic32mx/lib\libmchp_peripheral_32MX230F064D.a(int_tbl_lib.o)

.gnu.attributes
                0x00000000       0x10
 *(.gnu.attributes)
 .gnu.attributes
                0x00000000       0x10 build/default/production/_ext/659838314/usb_device.o
 .gnu.attributes
                0x00000010       0x10 build/default/production/_ext/659838314/usb_function_hid.o
 .gnu.attributes
                0x00000020       0x10 build/default/production/_ext/1360937237/l_eeprom.o
 .gnu.attributes
                0x00000030       0x10 build/default/production/_ext/1360937237/l_spi.o
 .gnu.attributes
                0x00000040       0x10 build/default/production/_ext/1360937237/l_timer.o
 .gnu.attributes
                0x00000050       0x10 build/default/production/_ext/1360937237/main.o
 .gnu.attributes
                0x00000060       0x10 build/default/production/_ext/1360937237/main_comm.o
 .gnu.attributes
                0x00000070       0x10 build/default/production/_ext/1360937237/main_sub.o
 .gnu.attributes
                0x00000080       0x10 build/default/production/_ext/1360937237/system_interrupt.o
 .gnu.attributes
                0x00000090       0x10 build/default/production/_ext/1360937237/usb_descriptors.o
 .gnu.attributes
                0x000000a0       0x10 build/default/production/_ext/1360937237/l_adc.o
 .gnu.attributes
                0x000000b0       0x10 c:/program files (x86)/microchip/xc32/v1.30/bin/../lib/gcc/pic32mx/4.5.2/../../../../pic32mx/lib\libmchp_peripheral_32MX230F064D.a(soft_reset_lib.o)
 .gnu.attributes
                0x000000c0       0x10 c:/program files (x86)/microchip/xc32/v1.30/bin/../lib/gcc/pic32mx/4.5.2/../../../../pic32mx/lib\libmchp_peripheral_32MX230F064D.a(int_enable_interrupts_lib.o)
 .gnu.attributes
                0x000000d0       0x10 c:/program files (x86)/microchip/xc32/v1.30/bin/../lib/gcc/pic32mx/4.5.2/../../../../pic32mx/lib\libmchp_peripheral_32MX230F064D.a(int_disable_interrupts_lib.o)
 .gnu.attributes
                0x000000e0       0x10 c:/program files (x86)/microchip/xc32/v1.30/bin/../lib/gcc/pic32mx/4.5.2/../../../../pic32mx/lib\libmchp_peripheral_32MX230F064D.a(int_tbl_lib.o)
 .gnu.attributes
                0x000000f0       0x10 c:/program files (x86)/microchip/xc32/v1.30/bin/../lib/gcc/pic32mx/4.5.2/../../../../pic32mx/lib\libpic32.a(default-bootstrap-exception-handler.o)
 .gnu.attributes
                0x00000100       0x10 c:/program files (x86)/microchip/xc32/v1.30/bin/../lib/gcc/pic32mx/4.5.2/../../../../pic32mx/lib\libpic32.a(default-on-reset.o)
 .gnu.attributes
                0x00000110       0x10 c:/program files (x86)/microchip/xc32/v1.30/bin/../lib/gcc/pic32mx/4.5.2/../../../../pic32mx/lib\libpic32.a(default-on-bootstrap.o)
 .gnu.attributes
                0x00000120       0x10 c:/program files (x86)/microchip/xc32/v1.30/bin/../lib/gcc/pic32mx/4.5.2/../../../../pic32mx/lib\libpic32.a(default-general-exception-handler.o)
LOAD c:/program files (x86)/microchip/xc32/v1.30/bin/../lib/gcc/pic32mx/4.5.2\libgcc.a
START GROUP
LOAD c:/program files (x86)/microchip/xc32/v1.30/bin/../lib/gcc/pic32mx/4.5.2/../../../../pic32mx/lib\libpic32.a
LOAD c:/program files (x86)/microchip/xc32/v1.30/bin/../lib/gcc/pic32mx/4.5.2/../../../../pic32mx/lib\libdebug.a
LOAD c:/program files (x86)/microchip/xc32/v1.30/bin/../lib/gcc/pic32mx/4.5.2/../../../../pic32mx/lib\libm.a
LOAD c:/program files (x86)/microchip/xc32/v1.30/bin/../lib/gcc/pic32mx/4.5.2/../../../../pic32mx/lib\libe.a
LOAD c:/program files (x86)/microchip/xc32/v1.30/bin/../lib/gcc/pic32mx/4.5.2/../../../../pic32mx/lib\libdsp.a
LOAD c:/program files (x86)/microchip/xc32/v1.30/bin/../lib/gcc/pic32mx/4.5.2\libgcc.a
LOAD c:/program files (x86)/microchip/xc32/v1.30/bin/../lib/gcc/pic32mx/4.5.2/../../../../pic32mx/lib\libpic32.a
LOAD c:/program files (x86)/microchip/xc32/v1.30/bin/../lib/gcc/pic32mx/4.5.2/../../../../pic32mx/lib\libc.a
LOAD c:/program files (x86)/microchip/xc32/v1.30/bin/../lib/gcc/pic32mx/4.5.2/../../../../pic32mx/lib\libpic32.a
END GROUP
LOAD c:/program files (x86)/microchip/xc32/v1.30/bin/../lib/gcc/pic32mx/4.5.2\libgcc.a
LOAD c:/program files (x86)/microchip/xc32/v1.30/bin/../lib/gcc/pic32mx/4.5.2/../../../../pic32mx/lib\debug-exception-return.o
OUTPUT(dist/default/production/ReviveAdvance.X.production.elf elf32-tradlittlemips)
LOAD stack
LOAD data_init

.reginfo        0x00000000       0x18
 .reginfo       0x00000000       0x18 c:/program files (x86)/microchip/xc32/v1.30/bin/../lib/gcc/pic32mx/4.5.2/../../../../pic32mx/lib/./proc/32MX230F064D/crt0_mips32r2.o

.stack          0xa0000780      0x400
 .stack         0xa0000780      0x400 stack

.bss            0xa00005b4      0x1a0
 .bss           0xa00005b4      0x1a0 build/default/production/_ext/1360937237/main.o
                0xa00005b4                joystick_input
                0xa00005c0                joystick_buffer
                0xa00005cc                joystick_buffer_pre
                0xa00005d8                joystick_lever_move_value
                0xa00005e4                sw_now_fix
                0xa00005f4                sw_now_fix_pre
                0xa0000604                sw_press_on_cnt
                0xa0000614                sw_press_off_cnt
                0xa0000624                mouse_count_val
                0xa000063c                an_out_setup_ad_val
                0xa000068c                an_out_setup_out_val
                0xa00006b4                an_out_setup_center_val
                0xa00006e4                an_mouse_count_val
                0xa0000704                debug_arr1
                0xa0000714                debug_arr2
                0xa0000724                debug_arr3
                0xa0000734                debug_array_w1

.bss            0xa000011c       0xa0
 .bss           0xa000011c       0xa0 build/default/production/_ext/1360937237/l_adc.o
                0xa000011c                ad_input
                0xa000012c                ad_input_average_buff
                0xa00001ac                zero_offset

.data           0xa00001bc        0xc
 .data          0xa00001bc        0xc build/default/production/_ext/1360937237/main.o
                0xa00001bc                joystick_default_value

.bss%z1         0x00000000        0x0
 .bss           0x00000000        0x0 c:/program files (x86)/microchip/xc32/v1.30/bin/../lib/gcc/pic32mx/4.5.2/../../../../pic32mx/lib\debug-exception-return.o

.data%z2        0x00000000        0x0
 .data          0x00000000        0x0 c:/program files (x86)/microchip/xc32/v1.30/bin/../lib/gcc/pic32mx/4.5.2/../../../../pic32mx/lib\debug-exception-return.o

.bss%z3         0x00000000        0x0
 .bss           0x00000000        0x0 c:/program files (x86)/microchip/xc32/v1.30/bin/../lib/gcc/pic32mx/4.5.2/../../../../pic32mx/lib\libpic32.a(default-general-exception-handler.o)

.data%z4        0x00000000        0x0
 .data          0x00000000        0x0 c:/program files (x86)/microchip/xc32/v1.30/bin/../lib/gcc/pic32mx/4.5.2/../../../../pic32mx/lib\libpic32.a(default-general-exception-handler.o)

.bss%z5         0x00000000        0x0
 .bss           0x00000000        0x0 c:/program files (x86)/microchip/xc32/v1.30/bin/../lib/gcc/pic32mx/4.5.2/../../../../pic32mx/lib\libpic32.a(general-exception.o)

.data%z6        0x00000000        0x0
 .data          0x00000000        0x0 c:/program files (x86)/microchip/xc32/v1.30/bin/../lib/gcc/pic32mx/4.5.2/../../../../pic32mx/lib\libpic32.a(general-exception.o)

.bss%z7         0x00000000        0x0
 .bss           0x00000000        0x0 c:/program files (x86)/microchip/xc32/v1.30/bin/../lib/gcc/pic32mx/4.5.2/../../../../pic32mx/lib\libpic32.a(pic32_software_reset.o)

.data%z8        0x00000000        0x0
 .data          0x00000000        0x0 c:/program files (x86)/microchip/xc32/v1.30/bin/../lib/gcc/pic32mx/4.5.2/../../../../pic32mx/lib\libpic32.a(pic32_software_reset.o)

.bss%z9         0x00000000        0x0
 .bss           0x00000000        0x0 c:/program files (x86)/microchip/xc32/v1.30/bin/../lib/gcc/pic32mx/4.5.2/../../../../pic32mx/lib\libpic32.a(default-nmi-handler.o)

.data%z10       0x00000000        0x0
 .data          0x00000000        0x0 c:/program files (x86)/microchip/xc32/v1.30/bin/../lib/gcc/pic32mx/4.5.2/../../../../pic32mx/lib\libpic32.a(default-nmi-handler.o)

.bss%z11        0x00000000        0x0
 .bss           0x00000000        0x0 c:/program files (x86)/microchip/xc32/v1.30/bin/../lib/gcc/pic32mx/4.5.2/../../../../pic32mx/lib\libpic32.a(default-on-bootstrap.o)

.data%z12       0x00000000        0x0
 .data          0x00000000        0x0 c:/program files (x86)/microchip/xc32/v1.30/bin/../lib/gcc/pic32mx/4.5.2/../../../../pic32mx/lib\libpic32.a(default-on-bootstrap.o)

.bss%z13        0x00000000        0x0
 .bss           0x00000000        0x0 c:/program files (x86)/microchip/xc32/v1.30/bin/../lib/gcc/pic32mx/4.5.2/../../../../pic32mx/lib\libpic32.a(default-on-reset.o)

.data%z14       0x00000000        0x0
 .data          0x00000000        0x0 c:/program files (x86)/microchip/xc32/v1.30/bin/../lib/gcc/pic32mx/4.5.2/../../../../pic32mx/lib\libpic32.a(default-on-reset.o)

.bss%z15        0x00000000        0x0
 .bss           0x00000000        0x0 c:/program files (x86)/microchip/xc32/v1.30/bin/../lib/gcc/pic32mx/4.5.2/../../../../pic32mx/lib\libpic32.a(default-bootstrap-exception-handler.o)

.data%z16       0x00000000        0x0
 .data          0x00000000        0x0 c:/program files (x86)/microchip/xc32/v1.30/bin/../lib/gcc/pic32mx/4.5.2/../../../../pic32mx/lib\libpic32.a(default-bootstrap-exception-handler.o)

.bss%z17        0x00000000        0x0
 .bss           0x00000000        0x0 c:/program files (x86)/microchip/xc32/v1.30/bin/../lib/gcc/pic32mx/4.5.2/../../../../pic32mx/lib\libpic32.a(strlen.o)

.data%z18       0x00000000        0x0
 .data          0x00000000        0x0 c:/program files (x86)/microchip/xc32/v1.30/bin/../lib/gcc/pic32mx/4.5.2/../../../../pic32mx/lib\libpic32.a(strlen.o)

.bss%z19        0x00000000        0x0
 .bss           0x00000000        0x0 c:/program files (x86)/microchip/xc32/v1.30/bin/../lib/gcc/pic32mx/4.5.2/../../../../pic32mx/lib\libpic32.a(memset.o)

.data%z20       0x00000000        0x0
 .data          0x00000000        0x0 c:/program files (x86)/microchip/xc32/v1.30/bin/../lib/gcc/pic32mx/4.5.2/../../../../pic32mx/lib\libpic32.a(memset.o)

.bss%z21        0x00000000        0x0
 .bss           0x00000000        0x0 c:/program files (x86)/microchip/xc32/v1.30/bin/../lib/gcc/pic32mx/4.5.2/../../../../pic32mx/lib\libmchp_peripheral_32MX230F064D.a(int_tbl_lib.o)

.data%z22       0x00000000        0x0
 .data          0x00000000        0x0 c:/program files (x86)/microchip/xc32/v1.30/bin/../lib/gcc/pic32mx/4.5.2/../../../../pic32mx/lib\libmchp_peripheral_32MX230F064D.a(int_tbl_lib.o)

.bss%z23        0x00000000        0x0
 .bss           0x00000000        0x0 c:/program files (x86)/microchip/xc32/v1.30/bin/../lib/gcc/pic32mx/4.5.2/../../../../pic32mx/lib\libmchp_peripheral_32MX230F064D.a(int_disable_interrupts_lib.o)

.data%z24       0x00000000        0x0
 .data          0x00000000        0x0 c:/program files (x86)/microchip/xc32/v1.30/bin/../lib/gcc/pic32mx/4.5.2/../../../../pic32mx/lib\libmchp_peripheral_32MX230F064D.a(int_disable_interrupts_lib.o)

.bss%z25        0x00000000        0x0
 .bss           0x00000000        0x0 c:/program files (x86)/microchip/xc32/v1.30/bin/../lib/gcc/pic32mx/4.5.2/../../../../pic32mx/lib\libmchp_peripheral_32MX230F064D.a(int_enable_interrupts_lib.o)

.data%z26       0x00000000        0x0
 .data          0x00000000        0x0 c:/program files (x86)/microchip/xc32/v1.30/bin/../lib/gcc/pic32mx/4.5.2/../../../../pic32mx/lib\libmchp_peripheral_32MX230F064D.a(int_enable_interrupts_lib.o)

.bss%z27        0x00000000        0x0
 .bss           0x00000000        0x0 c:/program files (x86)/microchip/xc32/v1.30/bin/../lib/gcc/pic32mx/4.5.2/../../../../pic32mx/lib\libmchp_peripheral_32MX230F064D.a(soft_reset_lib.o)

.data%z28       0x00000000        0x0
 .data          0x00000000        0x0 c:/program files (x86)/microchip/xc32/v1.30/bin/../lib/gcc/pic32mx/4.5.2/../../../../pic32mx/lib\libmchp_peripheral_32MX230F064D.a(soft_reset_lib.o)

.bss%z29        0x00000000        0x0
 .bss           0x00000000        0x0 c:/program files (x86)/microchip/xc32/v1.30/bin/../lib/gcc/pic32mx/4.5.2/../../../../pic32mx/lib/./proc/32MX230F064D\processor.o

.data%z30       0x00000000        0x0
 .data          0x00000000        0x0 c:/program files (x86)/microchip/xc32/v1.30/bin/../lib/gcc/pic32mx/4.5.2/../../../../pic32mx/lib/./proc/32MX230F064D\processor.o

.data%z31       0x00000000        0x0
 .data          0x00000000        0x0 build/default/production/_ext/1360937237/l_adc.o

.bss%z32        0x00000000        0x0
 .bss           0x00000000        0x0 build/default/production/_ext/1360937237/usb_descriptors.o

.data%z33       0x00000000        0x0
 .data          0x00000000        0x0 build/default/production/_ext/1360937237/usb_descriptors.o

.bss%z34        0x00000000        0x0
 .bss           0x00000000        0x0 build/default/production/_ext/1360937237/system_interrupt.o

.data%z35       0x00000000        0x0
 .data          0x00000000        0x0 build/default/production/_ext/1360937237/system_interrupt.o

.bss%z36        0x00000000        0x0
 .bss           0x00000000        0x0 build/default/production/_ext/1360937237/main_sub.o

.data%z37       0x00000000        0x0
 .data          0x00000000        0x0 build/default/production/_ext/1360937237/main_sub.o

.bss%z38        0x00000000        0x0
 .bss           0x00000000        0x0 build/default/production/_ext/1360937237/main_comm.o

.data%z39       0x00000000        0x0
 .data          0x00000000        0x0 build/default/production/_ext/1360937237/main_comm.o

.bss%z40        0x00000000        0x0
 .bss           0x00000000        0x0 build/default/production/_ext/1360937237/l_timer.o

.data%z41       0x00000000        0x0
 .data          0x00000000        0x0 build/default/production/_ext/1360937237/l_timer.o

.bss%z42        0x00000000        0x0
 .bss           0x00000000        0x0 build/default/production/_ext/1360937237/l_spi.o

.data%z43       0x00000000        0x0
 .data          0x00000000        0x0 build/default/production/_ext/1360937237/l_spi.o

.bss%z44        0x00000000        0x0
 .bss           0x00000000        0x0 build/default/production/_ext/1360937237/l_eeprom.o

.data%z45       0x00000000        0x0
 .data          0x00000000        0x0 build/default/production/_ext/1360937237/l_eeprom.o

.bss%z46        0x00000000        0x0
 .bss           0x00000000        0x0 build/default/production/_ext/659838314/usb_function_hid.o

.data%z47       0x00000000        0x0
 .data          0x00000000        0x0 build/default/production/_ext/659838314/usb_function_hid.o

.bss%z48        0x00000000        0x0
 .bss           0x00000000        0x0 build/default/production/_ext/659838314/usb_device.o

.data%z49       0x00000000        0x0
 .data          0x00000000        0x0 build/default/production/_ext/659838314/usb_device.o

.bss%z50        0x00000000        0x0
 .bss           0x00000000        0x0 c:/program files (x86)/microchip/xc32/v1.30/bin/../lib/gcc/pic32mx/4.5.2/../../../../pic32mx/lib/./proc/32MX230F064D/crt0_mips32r2.o

.data%z51       0x00000000        0x0
 .data          0x00000000        0x0 c:/program files (x86)/microchip/xc32/v1.30/bin/../lib/gcc/pic32mx/4.5.2/../../../../pic32mx/lib/./proc/32MX230F064D/crt0_mips32r2.o

.text           0x9d006490     0x5ca0
 .text          0x9d006490     0x1f54 build/default/production/_ext/659838314/usb_device.o
                0x9d006614                USBDeviceInit
                0x9d006830                USBEnableEndpoint
                0x9d00689c                USBTransferOnePacket
                0x9d0069d4                USBStallEndpoint
                0x9d006ad8                USBCancelIO
                0x9d006cac                USBCtrlEPAllowStatusStage
                0x9d006df8                USBCtrlEPAllowDataStage
                0x9d006f1c                USBDeviceTasks
 .text          0x9d0083e4     0x168c build/default/production/_ext/1360937237/main_comm.o
                0x9d0083e4                USB_Comm
 .text          0x9d009a70     0x1424 build/default/production/_ext/1360937237/main_sub.o
                0x9d009a70                Soft_Delay
                0x9d009aac                Switch_Input
                0x9d009df8                SW_Keyboard_Data_Set
                0x9d009e94                SW_Output_Keyboard
                0x9d009fd4                keyboard_push_order_buff_optimization
                0x9d00a0cc                Check_AllSettingInfo
                0x9d00a12c                Check_SWInfo
                0x9d00a280                Check_ANInfo
                0x9d00a4b4                get_joystick_hat_sw_usb_output
                0x9d00a540                set_joystick_lever_usb_output
                0x9d00a6cc                set_analog_output_setup_val
                0x9d00a8d0                set_analog_usb_joystick_output
                0x9d00a994                set_analog_usb_mouse_output
                0x9d00ab70                get_analog_joystick_output_val
                0x9d00ada4                get_analog_mouse_output_val
 .text          0x9d00ae94      0xb98 build/default/production/_ext/1360937237/main.o
                0x9d00ae94                UserInit
                0x9d00b1dc                ProcessIO
                0x9d00b854                main
                0x9d00b884                USBCBSuspend
                0x9d00b890                USBCBWakeFromSuspend
                0x9d00b898                USBCB_SOF_Handler
                0x9d00b8a0                USBCBErrorHandler
                0x9d00b8a8                USBCBCheckOtherReq
                0x9d00b8c4                USBCBStdSetDscHandler
                0x9d00b8cc                USBCBInitEP
                0x9d00b944                USBCBSendResume
                0x9d00b9c4                USER_USB_CALLBACK_EVENT_HANDLER
 .text          0x9d00ba2c      0x704 build/default/production/_ext/1360937237/l_eeprom.o
                0x9d00ba2c                eeprom_send_adr
                0x9d00ba5c                eeprom_wrsr
                0x9d00bab4                eeprom_write_byte
                0x9d00bb20                eeprom_write_word
                0x9d00bb68                eeprom_rdsr
                0x9d00bbc0                eeprom_busy
                0x9d00bc24                eeprom_wait_wip
                0x9d00bc74                eeprom_read_byte
                0x9d00bce8                eeprom_read_word
                0x9d00bd34                eeprom_read_adr
                0x9d00bd84                eeprom_wren
                0x9d00bdc8                eeprom_wrdi
                0x9d00be0c                eeprom_continuous_start
                0x9d00be24                eeprom_continuous_end
                0x9d00be40                eeprom_continuous_write
                0x9d00be70                eeprom_continuous_read
                0x9d00bea0                eeprom_continuous_access_w
                0x9d00bebc                eeprom_continuous_access_r
                0x9d00bed8                eeprom_unprotected
                0x9d00bf04                eeprom_protect
                0x9d00bf30                eeprom_n_write
                0x9d00bfa8                eeprom_n_read
                0x9d00c014                u_AllSettingInfo_buffClr
                0x9d00c02c                u_SWInfo_buffClr
                0x9d00c04c                u_ANInfo_buffClr
                0x9d00c06c                u_GetAllSettingInfo
                0x9d00c0e0                u_GetSWInfo
                0x9d00c108                u_GetANInfo

.rodata         0x9d00c130      0x558
 .rodata        0x9d00c130      0x558 c:/program files (x86)/microchip/xc32/v1.30/bin/../lib/gcc/pic32mx/4.5.2/../../../../pic32mx/lib\libmchp_peripheral_32MX230F064D.a(int_tbl_lib.o)
                0x9d00c130                __IntSrcTbl
                0x9d00c478                __IntVectorTbl

.text           0x9d00c688      0x728
 .text          0x9d00c688      0x2a0 build/default/production/_ext/659838314/usb_function_hid.o
                0x9d00c688                USBCheckHIDRequest
 .text          0x9d00c928      0x268 build/default/production/_ext/1360937237/l_timer.o
                0x9d00c928                timer1_init
                0x9d00c9bc                timer2_init
                0x9d00ca50                timer4_init
                0x9d00cac0                Timer1_Task
                0x9d00cb24                Timer2_Task
 .text          0x9d00cb90      0x220 build/default/production/_ext/1360937237/system_interrupt.o
                0x9d00cb90                _InterruptHandler_Timer1
                0x9d00cca0                _InterruptHandler_Timer2

.rodata         0x9d00cdb0      0x3f0
 .rodata        0x9d00cdb0      0x200 build/default/production/_ext/1360937237/l_eeprom.o
                0x9d00cdb0                c_eeprom_default_data
 .rodata        0x9d00cfb0      0x1f0 build/default/production/_ext/1360937237/usb_descriptors.o
                0x9d00cfb0                device_dsc
                0x9d00cfc4                configDescriptor1
                0x9d00d048                sd000
                0x9d00d04c                sd001
                0x9d00d078                sd002
                0x9d00d098                hid_rpt01
                0x9d00d0d8                hid_rpt02
                0x9d00d11c                hid_rpt03
                0x9d00d170                hid_rpt04
                0x9d00d190                USB_CD_Ptr
                0x9d00d194                USB_SD_Ptr

.text           0x9d00d1a0      0x460
 .text          0x9d00d1a0      0x194 build/default/production/_ext/1360937237/l_adc.o
                0x9d00d1a0                l_adc_init
                0x9d00d1d4                l_adc_input
 .text          0x9d00d334      0x168 c:/program files (x86)/microchip/xc32/v1.30/bin/../lib/gcc/pic32mx/4.5.2/../../../../pic32mx/lib\libpic32.a(strlen.o)
                0x9d00d334                strlen
 .text          0x9d00d49c      0x164 build/default/production/_ext/1360937237/l_spi.o
                0x9d00d49c                l_spi1_init
                0x9d00d514                l_WriteSPI1
                0x9d00d594                l_ReadSPI1

.text.general_exception
                0x9d00d600       0xdc
 .text.general_exception
                0x9d00d600       0xdc c:/program files (x86)/microchip/xc32/v1.30/bin/../lib/gcc/pic32mx/4.5.2/../../../../pic32mx/lib\libpic32.a(general-exception.o)
                0x9d00d600                _general_exception_context

.dinit          0x9d00d6dc       0xb0
 .dinit         0x9d00d6dc       0xb0 data_init

.text           0x9d00d78c       0xa8
 .text          0x9d00d78c       0xa8 c:/program files (x86)/microchip/xc32/v1.30/bin/../lib/gcc/pic32mx/4.5.2/../../../../pic32mx/lib\libpic32.a(memset.o)
                0x9d00d78c                memset

.text.SoftReset
                0x9d00d834       0x78
 .text.SoftReset
                0x9d00d834       0x78 c:/program files (x86)/microchip/xc32/v1.30/bin/../lib/gcc/pic32mx/4.5.2/../../../../pic32mx/lib\libmchp_peripheral_32MX230F064D.a(soft_reset_lib.o)
                0x9d00d834                SoftReset

.text.INTEnable
                0x9d00d8ac       0x50
 .text.INTEnable
                0x9d00d8ac       0x50 c:/program files (x86)/microchip/xc32/v1.30/bin/../lib/gcc/pic32mx/4.5.2/../../../../pic32mx/lib\libmchp_peripheral_32MX230F064D.a(int_tbl_lib.o)
                0x9d00d8ac                INTEnable

.text.main_entry
                0x9d00d8fc       0x4c
 .text.main_entry
                0x9d00d8fc       0x4c c:/program files (x86)/microchip/xc32/v1.30/bin/../lib/gcc/pic32mx/4.5.2/../../../../pic32mx/lib/./proc/32MX230F064D/crt0_mips32r2.o
                0x9d00d928                __crt0_exit

.text           0x9d00d948       0x44
 .text          0x9d00d948       0x44 c:/program files (x86)/microchip/xc32/v1.30/bin/../lib/gcc/pic32mx/4.5.2/../../../../pic32mx/lib\libpic32.a(pic32_software_reset.o)
                0x9d00d948                __pic32_software_reset

.text.INTSetVectorPriority
                0x9d00d98c       0x38
 .text.INTSetVectorPriority
                0x9d00d98c       0x38 c:/program files (x86)/microchip/xc32/v1.30/bin/../lib/gcc/pic32mx/4.5.2/../../../../pic32mx/lib\libmchp_peripheral_32MX230F064D.a(int_tbl_lib.o)
                0x9d00d98c                INTSetVectorPriority

.text.INTSetVectorSubPriority
                0x9d00d9c4       0x38
 .text.INTSetVectorSubPriority
                0x9d00d9c4       0x38 c:/program files (x86)/microchip/xc32/v1.30/bin/../lib/gcc/pic32mx/4.5.2/../../../../pic32mx/lib\libmchp_peripheral_32MX230F064D.a(int_tbl_lib.o)
                0x9d00d9c4                INTSetVectorSubPriority

.text._bootstrap_exception_handler
                0x9d00d9fc       0x38
 .text._bootstrap_exception_handler
                0x9d00d9fc       0x38 c:/program files (x86)/microchip/xc32/v1.30/bin/../lib/gcc/pic32mx/4.5.2/../../../../pic32mx/lib\libpic32.a(default-bootstrap-exception-handler.o)
                0x9d00d9fc                _bootstrap_exception_handler

.text._general_exception_handler
                0x9d00da34       0x38
 .text._general_exception_handler
                0x9d00da34       0x38 c:/program files (x86)/microchip/xc32/v1.30/bin/../lib/gcc/pic32mx/4.5.2/../../../../pic32mx/lib\libpic32.a(default-general-exception-handler.o)
                0x9d00da34                _general_exception_handler

.text.INTGetVectorPriority
                0x9d00da6c       0x2c
 .text.INTGetVectorPriority
                0x9d00da6c       0x2c c:/program files (x86)/microchip/xc32/v1.30/bin/../lib/gcc/pic32mx/4.5.2/../../../../pic32mx/lib\libmchp_peripheral_32MX230F064D.a(int_tbl_lib.o)
                0x9d00da6c                INTGetVectorPriority

.text.INTGetVectorSubPriority
                0x9d00da98       0x2c
 .text.INTGetVectorSubPriority
                0x9d00da98       0x2c c:/program files (x86)/microchip/xc32/v1.30/bin/../lib/gcc/pic32mx/4.5.2/../../../../pic32mx/lib\libmchp_peripheral_32MX230F064D.a(int_tbl_lib.o)
                0x9d00da98                INTGetVectorSubPriority

.text.INTClearFlag
                0x9d00dac4       0x28
 .text.INTClearFlag
                0x9d00dac4       0x28 c:/program files (x86)/microchip/xc32/v1.30/bin/../lib/gcc/pic32mx/4.5.2/../../../../pic32mx/lib\libmchp_peripheral_32MX230F064D.a(int_tbl_lib.o)
                0x9d00dac4                INTClearFlag

.text.INTSetFlag
                0x9d00daec       0x28
 .text.INTSetFlag
                0x9d00daec       0x28 c:/program files (x86)/microchip/xc32/v1.30/bin/../lib/gcc/pic32mx/4.5.2/../../../../pic32mx/lib\libmchp_peripheral_32MX230F064D.a(int_tbl_lib.o)
                0x9d00daec                INTSetFlag

.text.INTGetFlag
                0x9d00db14       0x28
 .text.INTGetFlag
                0x9d00db14       0x28 c:/program files (x86)/microchip/xc32/v1.30/bin/../lib/gcc/pic32mx/4.5.2/../../../../pic32mx/lib\libmchp_peripheral_32MX230F064D.a(int_tbl_lib.o)
                0x9d00db14                INTGetFlag

.text.INTGetEnable
                0x9d00db3c       0x28
 .text.INTGetEnable
                0x9d00db3c       0x28 c:/program files (x86)/microchip/xc32/v1.30/bin/../lib/gcc/pic32mx/4.5.2/../../../../pic32mx/lib\libmchp_peripheral_32MX230F064D.a(int_tbl_lib.o)
                0x9d00db3c                INTGetEnable

.text           0x9d00db64       0x18
 .text          0x9d00db64       0x18 c:/program files (x86)/microchip/xc32/v1.30/bin/../lib/gcc/pic32mx/4.5.2/../../../../pic32mx/lib\libpic32.a(default-nmi-handler.o)
                0x9d00db64                _nmi_handler

.rodata         0x9d00db7c       0x10
 .rodata        0x9d00db7c       0x10 build/default/production/_ext/1360937237/main_sub.o
                0x9d00db7c                renc_gray_code_conv_table

.text.INTEnableInterrupts
                0x9d00db8c        0x8
 .text.INTEnableInterrupts
                0x9d00db8c        0x8 c:/program files (x86)/microchip/xc32/v1.30/bin/../lib/gcc/pic32mx/4.5.2/../../../../pic32mx/lib\libmchp_peripheral_32MX230F064D.a(int_enable_interrupts_lib.o)
                0x9d00db8c                INTEnableInterrupts

.text.INTDisableInterrupts
                0x9d00db94        0x8
 .text.INTDisableInterrupts
                0x9d00db94        0x8 c:/program files (x86)/microchip/xc32/v1.30/bin/../lib/gcc/pic32mx/4.5.2/../../../../pic32mx/lib\libmchp_peripheral_32MX230F064D.a(int_disable_interrupts_lib.o)
                0x9d00db94                INTDisableInterrupts

.text._on_reset
                0x9d00db9c        0x8
 .text._on_reset
                0x9d00db9c        0x8 c:/program files (x86)/microchip/xc32/v1.30/bin/../lib/gcc/pic32mx/4.5.2/../../../../pic32mx/lib\libpic32.a(default-on-reset.o)
                0x9d00db9c                _on_reset

.text._on_bootstrap
                0x9d00dba4        0x8
 .text._on_bootstrap
                0x9d00dba4        0x8 c:/program files (x86)/microchip/xc32/v1.30/bin/../lib/gcc/pic32mx/4.5.2/../../../../pic32mx/lib\libpic32.a(default-on-bootstrap.o)
                0x9d00dba4                _on_bootstrap

.text%z52       0x00000000        0x0
 .text          0x00000000        0x0 c:/program files (x86)/microchip/xc32/v1.30/bin/../lib/gcc/pic32mx/4.5.2/../../../../pic32mx/lib\debug-exception-return.o

.text%z53       0x00000000        0x0
 .text          0x00000000        0x0 c:/program files (x86)/microchip/xc32/v1.30/bin/../lib/gcc/pic32mx/4.5.2/../../../../pic32mx/lib\libpic32.a(default-general-exception-handler.o)

.text%z54       0x00000000        0x0
 .text          0x00000000        0x0 c:/program files (x86)/microchip/xc32/v1.30/bin/../lib/gcc/pic32mx/4.5.2/../../../../pic32mx/lib\libpic32.a(general-exception.o)

.text%z55       0x00000000        0x0
 .text          0x00000000        0x0 c:/program files (x86)/microchip/xc32/v1.30/bin/../lib/gcc/pic32mx/4.5.2/../../../../pic32mx/lib\libpic32.a(default-on-bootstrap.o)

.text%z56       0x00000000        0x0
 .text          0x00000000        0x0 c:/program files (x86)/microchip/xc32/v1.30/bin/../lib/gcc/pic32mx/4.5.2/../../../../pic32mx/lib\libpic32.a(default-on-reset.o)

.text%z57       0x00000000        0x0
 .text          0x00000000        0x0 c:/program files (x86)/microchip/xc32/v1.30/bin/../lib/gcc/pic32mx/4.5.2/../../../../pic32mx/lib\libpic32.a(default-bootstrap-exception-handler.o)

.text%z58       0x00000000        0x0
 .text          0x00000000        0x0 c:/program files (x86)/microchip/xc32/v1.30/bin/../lib/gcc/pic32mx/4.5.2/../../../../pic32mx/lib\libmchp_peripheral_32MX230F064D.a(int_tbl_lib.o)

.text%z59       0x00000000        0x0
 .text          0x00000000        0x0 c:/program files (x86)/microchip/xc32/v1.30/bin/../lib/gcc/pic32mx/4.5.2/../../../../pic32mx/lib\libmchp_peripheral_32MX230F064D.a(int_disable_interrupts_lib.o)

.text%z60       0x00000000        0x0
 .text          0x00000000        0x0 c:/program files (x86)/microchip/xc32/v1.30/bin/../lib/gcc/pic32mx/4.5.2/../../../../pic32mx/lib\libmchp_peripheral_32MX230F064D.a(int_enable_interrupts_lib.o)

.text%z61       0x00000000        0x0
 .text          0x00000000        0x0 c:/program files (x86)/microchip/xc32/v1.30/bin/../lib/gcc/pic32mx/4.5.2/../../../../pic32mx/lib\libmchp_peripheral_32MX230F064D.a(soft_reset_lib.o)

.text%z62       0x00000000        0x0
 .text          0x00000000        0x0 c:/program files (x86)/microchip/xc32/v1.30/bin/../lib/gcc/pic32mx/4.5.2/../../../../pic32mx/lib/./proc/32MX230F064D\processor.o

.text%z63       0x00000000        0x0
 .text          0x00000000        0x0 build/default/production/_ext/1360937237/usb_descriptors.o

.text%z64       0x00000000        0x0
 .text          0x00000000        0x0 c:/program files (x86)/microchip/xc32/v1.30/bin/../lib/gcc/pic32mx/4.5.2/../../../../pic32mx/lib/./proc/32MX230F064D/crt0_mips32r2.o
